Archive member included to satisfy reference by file (symbol)

/usr/lib/gcc/arm-none-eabi/10.3.1/thumb/v6-m/nofp/libgcc.a(_dvmd_tls.o)
                              CMakeFiles/reflex_game.dir/home/toto/pico-sdk/src/rp2_common/pico_divider/divider.S.obj (__aeabi_idiv0)
/usr/lib/gcc/arm-none-eabi/10.3.1/../../../arm-none-eabi/lib/thumb/v6-m/nofp/libc.a(lib_a-atexit.o)
                              /usr/lib/gcc/arm-none-eabi/10.3.1/../../../arm-none-eabi/lib/thumb/v6-m/nofp/crt0.o (atexit)
/usr/lib/gcc/arm-none-eabi/10.3.1/../../../arm-none-eabi/lib/thumb/v6-m/nofp/libc.a(lib_a-calloc.o)
                              CMakeFiles/reflex_game.dir/home/toto/pico-sdk/src/rp2_common/pico_malloc/pico_malloc.c.obj (calloc)
/usr/lib/gcc/arm-none-eabi/10.3.1/../../../arm-none-eabi/lib/thumb/v6-m/nofp/libc.a(lib_a-callocr.o)
                              /usr/lib/gcc/arm-none-eabi/10.3.1/../../../arm-none-eabi/lib/thumb/v6-m/nofp/libc.a(lib_a-calloc.o) (_calloc_r)
/usr/lib/gcc/arm-none-eabi/10.3.1/../../../arm-none-eabi/lib/thumb/v6-m/nofp/libc.a(lib_a-fini.o)
                              /usr/lib/gcc/arm-none-eabi/10.3.1/../../../arm-none-eabi/lib/thumb/v6-m/nofp/crt0.o (__libc_fini_array)
/usr/lib/gcc/arm-none-eabi/10.3.1/../../../arm-none-eabi/lib/thumb/v6-m/nofp/libc.a(lib_a-impure.o)
                              /usr/lib/gcc/arm-none-eabi/10.3.1/../../../arm-none-eabi/lib/thumb/v6-m/nofp/libc.a(lib_a-calloc.o) (_impure_ptr)
/usr/lib/gcc/arm-none-eabi/10.3.1/../../../arm-none-eabi/lib/thumb/v6-m/nofp/libc.a(lib_a-init.o)
                              /usr/lib/gcc/arm-none-eabi/10.3.1/../../../arm-none-eabi/lib/thumb/v6-m/nofp/crt0.o (__libc_init_array)
/usr/lib/gcc/arm-none-eabi/10.3.1/../../../arm-none-eabi/lib/thumb/v6-m/nofp/libc.a(lib_a-malloc.o)
                              CMakeFiles/reflex_game.dir/home/toto/pico-sdk/src/rp2_common/pico_malloc/pico_malloc.c.obj (malloc)
/usr/lib/gcc/arm-none-eabi/10.3.1/../../../arm-none-eabi/lib/thumb/v6-m/nofp/libc.a(lib_a-mallocr.o)
                              /usr/lib/gcc/arm-none-eabi/10.3.1/../../../arm-none-eabi/lib/thumb/v6-m/nofp/libc.a(lib_a-callocr.o) (_malloc_r)
/usr/lib/gcc/arm-none-eabi/10.3.1/../../../arm-none-eabi/lib/thumb/v6-m/nofp/libc.a(lib_a-mlock.o)
                              /usr/lib/gcc/arm-none-eabi/10.3.1/../../../arm-none-eabi/lib/thumb/v6-m/nofp/libc.a(lib_a-mallocr.o) (__malloc_lock)
/usr/lib/gcc/arm-none-eabi/10.3.1/../../../arm-none-eabi/lib/thumb/v6-m/nofp/libc.a(lib_a-rand.o)
                              CMakeFiles/reflex_game.dir/reflex_game.c.obj (srand)
/usr/lib/gcc/arm-none-eabi/10.3.1/../../../arm-none-eabi/lib/thumb/v6-m/nofp/libc.a(lib_a-realloc.o)
                              CMakeFiles/reflex_game.dir/home/toto/pico-sdk/src/rp2_common/pico_malloc/pico_malloc.c.obj (realloc)
/usr/lib/gcc/arm-none-eabi/10.3.1/../../../arm-none-eabi/lib/thumb/v6-m/nofp/libc.a(lib_a-reallocr.o)
                              /usr/lib/gcc/arm-none-eabi/10.3.1/../../../arm-none-eabi/lib/thumb/v6-m/nofp/libc.a(lib_a-realloc.o) (_realloc_r)
/usr/lib/gcc/arm-none-eabi/10.3.1/../../../arm-none-eabi/lib/thumb/v6-m/nofp/libc.a(lib_a-sbrkr.o)
                              /usr/lib/gcc/arm-none-eabi/10.3.1/../../../arm-none-eabi/lib/thumb/v6-m/nofp/libc.a(lib_a-mallocr.o) (_sbrk_r)
/usr/lib/gcc/arm-none-eabi/10.3.1/../../../arm-none-eabi/lib/thumb/v6-m/nofp/libc.a(lib_a-strlen-stub.o)
                              CMakeFiles/reflex_game.dir/home/toto/pico-sdk/src/rp2_common/pico_stdio/stdio.c.obj (strlen)
/usr/lib/gcc/arm-none-eabi/10.3.1/../../../arm-none-eabi/lib/thumb/v6-m/nofp/libc.a(lib_a-time.o)
                              CMakeFiles/reflex_game.dir/reflex_game.c.obj (time)
/usr/lib/gcc/arm-none-eabi/10.3.1/../../../arm-none-eabi/lib/thumb/v6-m/nofp/libc.a(lib_a-__atexit.o)
                              /usr/lib/gcc/arm-none-eabi/10.3.1/../../../arm-none-eabi/lib/thumb/v6-m/nofp/libc.a(lib_a-atexit.o) (__register_exitproc)
/usr/lib/gcc/arm-none-eabi/10.3.1/../../../arm-none-eabi/lib/thumb/v6-m/nofp/libc.a(lib_a-freer.o)
                              /usr/lib/gcc/arm-none-eabi/10.3.1/../../../arm-none-eabi/lib/thumb/v6-m/nofp/libc.a(lib_a-malloc.o) (_free_r)
/usr/lib/gcc/arm-none-eabi/10.3.1/../../../arm-none-eabi/lib/thumb/v6-m/nofp/libc.a(lib_a-gettimeofdayr.o)
                              /usr/lib/gcc/arm-none-eabi/10.3.1/../../../arm-none-eabi/lib/thumb/v6-m/nofp/libc.a(lib_a-time.o) (_gettimeofday_r)
/usr/lib/gcc/arm-none-eabi/10.3.1/../../../arm-none-eabi/lib/thumb/v6-m/nofp/libc.a(lib_a-memmove.o)
                              /usr/lib/gcc/arm-none-eabi/10.3.1/../../../arm-none-eabi/lib/thumb/v6-m/nofp/libc.a(lib_a-reallocr.o) (memmove)
/usr/lib/gcc/arm-none-eabi/10.3.1/../../../arm-none-eabi/lib/thumb/v6-m/nofp/libc.a(lib_a-reent.o)
                              /usr/lib/gcc/arm-none-eabi/10.3.1/../../../arm-none-eabi/lib/thumb/v6-m/nofp/libc.a(lib_a-sbrkr.o) (errno)

Discarded input sections

[...]
Memory Configuration

Name             Origin             Length             Attributes
FLASH            0x0000000010000000 0x0000000000200000 xr
RAM              0x0000000020000000 0x0000000000040000 xrw
SCRATCH_X        0x0000000020040000 0x0000000000001000 xrw
SCRATCH_Y        0x0000000020041000 0x0000000000001000 xrw
*default*        0x0000000000000000 0xffffffffffffffff

Linker script and memory map

LOAD /usr/lib/gcc/arm-none-eabi/10.3.1/thumb/v6-m/nofp/crti.o
LOAD /usr/lib/gcc/arm-none-eabi/10.3.1/thumb/v6-m/nofp/crtbegin.o
LOAD /usr/lib/gcc/arm-none-eabi/10.3.1/../../../arm-none-eabi/lib/thumb/v6-m/nofp/crt0.o

.flash_begin    0x0000000010000000        0x0
                0x0000000010000000                __flash_binary_start = .

.boot2          0x0000000010000000      0x100
                0x0000000010000000                __boot2_start__ = .
 *(.boot2)
 .boot2         0x0000000010000000      0x100 /tmp/ccKzPJiO.o
                0x0000000010000100                __boot2_end__ = .
                0x0000000000000001                ASSERT (((__boot2_end__ - __boot2_start__) == 0x100), ERROR: Pico second stage bootloader must be 256 bytes in size)

.text           0x0000000010000100     0x6c88
                0x0000000010000100                __logical_binary_start = .
 *(.vectors)
 .vectors       0x0000000010000100       0xd4 CMakeFiles/reflex_game.dir/home/toto/pico-sdk/src/rp2_common/pico_standard_link/crt0.S.obj
                0x0000000010000100                __vectors
                0x0000000010000100                __VECTOR_TABLE
                0x00000000100001c0                isr_invalid
                0x00000000100001c0                __default_isrs_start
                0x00000000100001c2                isr_nmi
                0x00000000100001c4                isr_hardfault
                0x00000000100001c6                isr_svcall
                0x00000000100001c8                isr_pendsv
                0x00000000100001ca                isr_systick
                0x00000000100001cc                isr_irq30
                0x00000000100001cc                __unhandled_user_irq
                0x00000000100001cc                isr_irq13
                0x00000000100001cc                isr_irq27
                0x00000000100001cc                isr_irq31
                0x00000000100001cc                isr_irq5
                0x00000000100001cc                isr_irq11
                0x00000000100001cc                isr_irq23
                0x00000000100001cc                isr_irq18
                0x00000000100001cc                isr_irq28
                0x00000000100001cc                isr_irq19
                0x00000000100001cc                isr_irq0
                0x00000000100001cc                isr_irq6
                0x00000000100001cc                isr_irq22
                0x00000000100001cc                isr_irq17
                0x00000000100001cc                isr_irq14
                0x00000000100001cc                isr_irq2
                0x00000000100001cc                isr_irq10
                0x00000000100001cc                isr_irq8
                0x00000000100001cc                isr_irq24
                0x00000000100001cc                isr_irq1
                0x00000000100001cc                isr_irq7
                0x00000000100001cc                isr_irq21
                0x00000000100001cc                isr_irq20
                0x00000000100001cc                isr_irq15
                0x00000000100001cc                isr_irq25
                0x00000000100001cc                isr_irq4
                0x00000000100001cc                isr_irq16
                0x00000000100001cc                isr_irq29
                0x00000000100001cc                isr_irq26
                0x00000000100001cc                __default_isrs_end
                0x00000000100001cc                isr_irq3
                0x00000000100001cc                isr_irq12
                0x00000000100001cc                isr_irq9
                0x00000000100001d2                unhandled_user_irq_num_in_r0
 *(.binary_info_header)
 .binary_info_header
                0x00000000100001d4       0x14 CMakeFiles/reflex_game.dir/home/toto/pico-sdk/src/rp2_common/pico_standard_link/crt0.S.obj
                0x00000000100001e8                __binary_info_header_end = .
 *(.reset)
 .reset         0x00000000100001e8       0xa0 CMakeFiles/reflex_game.dir/home/toto/pico-sdk/src/rp2_common/pico_standard_link/crt0.S.obj
                0x00000000100001e8                _entry_point
 .reset         0x0000000010000288       0x30 CMakeFiles/reflex_game.dir/home/toto/pico-sdk/src/rp2_common/pico_standard_link/binary_info.c.obj
 *(.init)
 .init          0x00000000100002b8        0x4 /usr/lib/gcc/arm-none-eabi/10.3.1/thumb/v6-m/nofp/crti.o
                0x00000000100002b8                _init
 *(EXCLUDE_FILE(*libm.a: *libc.a:*lib_a-mem*.o *libgcc.a:) .text*)
 .text          0x00000000100002bc       0x98 /usr/lib/gcc/arm-none-eabi/10.3.1/thumb/v6-m/nofp/crtbegin.o
 .text.repeating_timer_callback
                0x0000000010000354       0x10 CMakeFiles/reflex_game.dir/reflex_game.c.obj
                0x0000000010000354                repeating_timer_callback
 .text.startup.main
                0x0000000010000364      0x124 CMakeFiles/reflex_game.dir/reflex_game.c.obj
                0x0000000010000364                main
 .text.gpio_set_pulls
                0x0000000010000488       0x30 CMakeFiles/reflex_game.dir/home/toto/pico-sdk/src/rp2_common/hardware_gpio/gpio.c.obj
                0x0000000010000488                gpio_set_pulls
 .text.gpio_init
                0x00000000100004b8       0x3c CMakeFiles/reflex_game.dir/home/toto/pico-sdk/src/rp2_common/hardware_gpio/gpio.c.obj
                0x00000000100004b8                gpio_init
 .text.running_on_fpga
                0x00000000100004f4       0x10 CMakeFiles/reflex_game.dir/home/toto/pico-sdk/src/rp2_common/pico_platform/platform.c.obj
                0x00000000100004f4                running_on_fpga
 .text.hw_claim_or_assert
                0x0000000010000504       0x44 CMakeFiles/reflex_game.dir/home/toto/pico-sdk/src/rp2_common/hardware_claim/claim.c.obj
                0x0000000010000504                hw_claim_or_assert
 .text.hw_claim_unused_from_range
                0x0000000010000548       0x9c CMakeFiles/reflex_game.dir/home/toto/pico-sdk/src/rp2_common/hardware_claim/claim.c.obj
                0x0000000010000548                hw_claim_unused_from_range
 .text.spin_locks_reset
                0x00000000100005e4       0x1c CMakeFiles/reflex_game.dir/home/toto/pico-sdk/src/rp2_common/hardware_sync/sync.c.obj
                0x00000000100005e4                spin_locks_reset
 .text.next_striped_spin_lock_num
                0x0000000010000600       0x18 CMakeFiles/reflex_game.dir/home/toto/pico-sdk/src/rp2_common/hardware_sync/sync.c.obj
                0x0000000010000600                next_striped_spin_lock_num
 .text.spin_lock_claim_unused
                0x0000000010000618       0x20 CMakeFiles/reflex_game.dir/home/toto/pico-sdk/src/rp2_common/hardware_sync/sync.c.obj
                0x0000000010000618                spin_lock_claim_unused
 .text.irq_set_enabled
                0x0000000010000638       0x24 CMakeFiles/reflex_game.dir/home/toto/pico-sdk/src/rp2_common/hardware_irq/irq.c.obj
                0x0000000010000638                irq_set_enabled
 .text.irq_set_pending
                0x000000001000065c       0x10 CMakeFiles/reflex_game.dir/home/toto/pico-sdk/src/rp2_common/hardware_irq/irq.c.obj
                0x000000001000065c                irq_set_pending
 .text.irq_has_shared_handler
                0x000000001000066c       0x2c CMakeFiles/reflex_game.dir/home/toto/pico-sdk/src/rp2_common/hardware_irq/irq.c.obj
                0x000000001000066c                irq_has_shared_handler
 .text.irq_get_vtable_handler
                0x0000000010000698       0x10 CMakeFiles/reflex_game.dir/home/toto/pico-sdk/src/rp2_common/hardware_irq/irq.c.obj
                0x0000000010000698                irq_get_vtable_handler
 .text.irq_set_exclusive_handler
                0x00000000100006a8       0x54 CMakeFiles/reflex_game.dir/home/toto/pico-sdk/src/rp2_common/hardware_irq/irq.c.obj
                0x00000000100006a8                irq_set_exclusive_handler
 .text.irq_add_shared_handler
                0x00000000100006fc      0x1e8 CMakeFiles/reflex_game.dir/home/toto/pico-sdk/src/rp2_common/hardware_irq/irq.c.obj
                0x00000000100006fc                irq_add_shared_handler
 .text.irq_remove_handler
                0x00000000100008e4      0x1b0 CMakeFiles/reflex_game.dir/home/toto/pico-sdk/src/rp2_common/hardware_irq/irq.c.obj
                0x00000000100008e4                irq_remove_handler
 .text.irq_add_tail_to_free_list
                0x0000000010000a94       0xb4 CMakeFiles/reflex_game.dir/home/toto/pico-sdk/src/rp2_common/hardware_irq/irq.c.obj
                0x0000000010000a94                irq_add_tail_to_free_list
 .text.irq_init_priorities
                0x0000000010000b48       0x24 CMakeFiles/reflex_game.dir/home/toto/pico-sdk/src/rp2_common/hardware_irq/irq.c.obj
                0x0000000010000b48                irq_init_priorities
 .text.user_irq_claim_unused
                0x0000000010000b6c       0x28 CMakeFiles/reflex_game.dir/home/toto/pico-sdk/src/rp2_common/hardware_irq/irq.c.obj
                0x0000000010000b6c                user_irq_claim_unused
 .text.lock_init
                0x0000000010000b94       0x10 CMakeFiles/reflex_game.dir/home/toto/pico-sdk/src/common/pico_sync/lock_core.c.obj
                0x0000000010000b94                lock_init
 .text.mutex_init
                0x0000000010000ba4       0x1c CMakeFiles/reflex_game.dir/home/toto/pico-sdk/src/common/pico_sync/mutex.c.obj
                0x0000000010000ba4                mutex_init
 .text.recursive_mutex_init
                0x0000000010000bc0       0x1c CMakeFiles/reflex_game.dir/home/toto/pico-sdk/src/common/pico_sync/mutex.c.obj
                0x0000000010000bc0                recursive_mutex_init
 .text.critical_section_init
                0x0000000010000bdc       0x20 CMakeFiles/reflex_game.dir/home/toto/pico-sdk/src/common/pico_sync/critical_section.c.obj
                0x0000000010000bdc                critical_section_init
 .text.critical_section_init_with_lock_num
                0x0000000010000bfc       0x14 CMakeFiles/reflex_game.dir/home/toto/pico-sdk/src/common/pico_sync/critical_section.c.obj
                0x0000000010000bfc                critical_section_init_with_lock_num
 .text.timer_pool_entry_comparator
                0x0000000010000c10       0x34 CMakeFiles/reflex_game.dir/home/toto/pico-sdk/src/common/pico_time/time.c.obj
                0x0000000010000c10                timer_pool_entry_comparator
 .text.repeating_timer_callback
                0x0000000010000c44       0x1c CMakeFiles/reflex_game.dir/home/toto/pico-sdk/src/common/pico_time/time.c.obj
 .text.sleep_until_callback
                0x0000000010000c60       0x30 CMakeFiles/reflex_game.dir/home/toto/pico-sdk/src/common/pico_time/time.c.obj
 .text.add_alarm_under_lock.isra.0
                0x0000000010000c90      0x100 CMakeFiles/reflex_game.dir/home/toto/pico-sdk/src/common/pico_time/time.c.obj
 .text.alarm_pool_alarm_callback
                0x0000000010000d90      0x1bc CMakeFiles/reflex_game.dir/home/toto/pico-sdk/src/common/pico_time/time.c.obj
 .text.alarm_pool_init_default
                0x0000000010000f4c       0x6c CMakeFiles/reflex_game.dir/home/toto/pico-sdk/src/common/pico_time/time.c.obj
                0x0000000010000f4c                alarm_pool_init_default
 .text.alarm_pool_get_default
                0x0000000010000fb8        0x8 CMakeFiles/reflex_game.dir/home/toto/pico-sdk/src/common/pico_time/time.c.obj
                0x0000000010000fb8                alarm_pool_get_default
 .text.alarm_pool_add_alarm_at
                0x0000000010000fc0      0x178 CMakeFiles/reflex_game.dir/home/toto/pico-sdk/src/common/pico_time/time.c.obj
                0x0000000010000fc0                alarm_pool_add_alarm_at
 .text.alarm_pool_core_num
                0x0000000010001138        0x4 CMakeFiles/reflex_game.dir/home/toto/pico-sdk/src/common/pico_time/time.c.obj
                0x0000000010001138                alarm_pool_core_num
 .text.alarm_pool_add_repeating_timer_us
                0x000000001000113c      0x208 CMakeFiles/reflex_game.dir/home/toto/pico-sdk/src/common/pico_time/time.c.obj
                0x000000001000113c                alarm_pool_add_repeating_timer_us
 .text.sleep_until
                0x0000000010001344       0xc4 CMakeFiles/reflex_game.dir/home/toto/pico-sdk/src/common/pico_time/time.c.obj
                0x0000000010001344                sleep_until
 .text.sleep_ms
                0x0000000010001408       0x34 CMakeFiles/reflex_game.dir/home/toto/pico-sdk/src/common/pico_time/time.c.obj
                0x0000000010001408                sleep_ms
 .text.best_effort_wfe_or_timeout
                0x000000001000143c       0xd4 CMakeFiles/reflex_game.dir/home/toto/pico-sdk/src/common/pico_time/time.c.obj
                0x000000001000143c                best_effort_wfe_or_timeout
 .text.hardware_alarm_irq_handler
                0x0000000010001510       0xbc CMakeFiles/reflex_game.dir/home/toto/pico-sdk/src/rp2_common/hardware_timer/timer.c.obj
 .text.hardware_alarm_claim
                0x00000000100015cc       0x18 CMakeFiles/reflex_game.dir/home/toto/pico-sdk/src/rp2_common/hardware_timer/timer.c.obj
                0x00000000100015cc                hardware_alarm_claim
 .text.time_us_64
                0x00000000100015e4       0x14 CMakeFiles/reflex_game.dir/home/toto/pico-sdk/src/rp2_common/hardware_timer/timer.c.obj
                0x00000000100015e4                time_us_64
 .text.busy_wait_until
                0x00000000100015f8       0x20 CMakeFiles/reflex_game.dir/home/toto/pico-sdk/src/rp2_common/hardware_timer/timer.c.obj
                0x00000000100015f8                busy_wait_until
 .text.hardware_alarm_set_callback
                0x0000000010001618       0x8c CMakeFiles/reflex_game.dir/home/toto/pico-sdk/src/rp2_common/hardware_timer/timer.c.obj
                0x0000000010001618                hardware_alarm_set_callback
 .text.hardware_alarm_set_target
                0x00000000100016a4       0xd4 CMakeFiles/reflex_game.dir/home/toto/pico-sdk/src/rp2_common/hardware_timer/timer.c.obj
                0x00000000100016a4                hardware_alarm_set_target
 .text.hardware_alarm_cancel
                0x0000000010001778       0x3c CMakeFiles/reflex_game.dir/home/toto/pico-sdk/src/rp2_common/hardware_timer/timer.c.obj
                0x0000000010001778                hardware_alarm_cancel
 .text.ph_merge_nodes
                0x00000000100017b4       0x68 CMakeFiles/reflex_game.dir/home/toto/pico-sdk/src/common/pico_util/pheap.c.obj
 .text.ph_post_alloc_init
                0x000000001000181c       0x3c CMakeFiles/reflex_game.dir/home/toto/pico-sdk/src/common/pico_util/pheap.c.obj
                0x000000001000181c                ph_post_alloc_init
 .text.ph_merge_two_pass
                0x0000000010001858       0x90 CMakeFiles/reflex_game.dir/home/toto/pico-sdk/src/common/pico_util/pheap.c.obj
                0x0000000010001858                ph_merge_two_pass
 .text.ph_remove_any_head
                0x00000000100018e8      0x100 CMakeFiles/reflex_game.dir/home/toto/pico-sdk/src/common/pico_util/pheap.c.obj
 .text.ph_remove_head
                0x00000000100019e8      0x104 CMakeFiles/reflex_game.dir/home/toto/pico-sdk/src/common/pico_util/pheap.c.obj
                0x00000000100019e8                ph_remove_head
 .text.ph_remove_and_free_node
                0x0000000010001aec       0x7c CMakeFiles/reflex_game.dir/home/toto/pico-sdk/src/common/pico_util/pheap.c.obj
                0x0000000010001aec                ph_remove_and_free_node
 .text.clocks_init
                0x0000000010001b68      0x2d0 CMakeFiles/reflex_game.dir/home/toto/pico-sdk/src/rp2_common/hardware_clocks/clocks.c.obj
                0x0000000010001b68                clocks_init
 .text.pll_init
                0x0000000010001e38       0xa0 CMakeFiles/reflex_game.dir/home/toto/pico-sdk/src/rp2_common/hardware_pll/pll.c.obj
                0x0000000010001e38                pll_init
 .text.watchdog_start_tick
                0x0000000010001ed8       0x10 CMakeFiles/reflex_game.dir/home/toto/pico-sdk/src/rp2_common/hardware_watchdog/watchdog.c.obj
                0x0000000010001ed8                watchdog_start_tick
 .text.watchdog_reboot
                0x0000000010001ee8       0x98 CMakeFiles/reflex_game.dir/home/toto/pico-sdk/src/rp2_common/hardware_watchdog/watchdog.c.obj
                0x0000000010001ee8                watchdog_reboot
 .text.xosc_init
                0x0000000010001f80       0x28 CMakeFiles/reflex_game.dir/home/toto/pico-sdk/src/rp2_common/hardware_xosc/xosc.c.obj
                0x0000000010001f80                xosc_init
 .text.runtime_init
                0x0000000010001fa8       0xf0 CMakeFiles/reflex_game.dir/home/toto/pico-sdk/src/rp2_common/pico_runtime/runtime.c.obj
                0x0000000010001fa8                runtime_init
 .text._exit    0x0000000010002098        0x4 CMakeFiles/reflex_game.dir/home/toto/pico-sdk/src/rp2_common/pico_runtime/runtime.c.obj
                0x0000000010002098                _exit
 .text._gettimeofday
                0x000000001000209c       0x40 CMakeFiles/reflex_game.dir/home/toto/pico-sdk/src/rp2_common/pico_runtime/runtime.c.obj
                0x000000001000209c                _gettimeofday
 .text.exit     0x00000000100020dc        0x8 CMakeFiles/reflex_game.dir/home/toto/pico-sdk/src/rp2_common/pico_runtime/runtime.c.obj
                0x00000000100020dc                exit
 .text.panic    0x00000000100020e4       0x30 CMakeFiles/reflex_game.dir/home/toto/pico-sdk/src/rp2_common/pico_runtime/runtime.c.obj
                0x00000000100020e4                panic
 .text.hard_assertion_failure
                0x0000000010002114        0xc CMakeFiles/reflex_game.dir/home/toto/pico-sdk/src/rp2_common/pico_runtime/runtime.c.obj
                0x0000000010002114                hard_assertion_failure
 .text._out_null
                0x0000000010002120        0x4 CMakeFiles/reflex_game.dir/home/toto/pico-sdk/src/rp2_common/pico_printf/printf.c.obj
 .text._out_rev
                0x0000000010002124       0x9c CMakeFiles/reflex_game.dir/home/toto/pico-sdk/src/rp2_common/pico_printf/printf.c.obj
 .text._ntoa_format
                0x00000000100021c0      0x1cc CMakeFiles/reflex_game.dir/home/toto/pico-sdk/src/rp2_common/pico_printf/printf.c.obj
 .text._out_char
                0x000000001000238c       0x10 CMakeFiles/reflex_game.dir/home/toto/pico-sdk/src/rp2_common/pico_printf/printf.c.obj
 .text._out_fct
                0x000000001000239c       0x10 CMakeFiles/reflex_game.dir/home/toto/pico-sdk/src/rp2_common/pico_printf/printf.c.obj
 .text._etoa    0x00000000100023ac      0x44c CMakeFiles/reflex_game.dir/home/toto/pico-sdk/src/rp2_common/pico_printf/printf.c.obj
 .text._ftoa    0x00000000100027f8      0x398 CMakeFiles/reflex_game.dir/home/toto/pico-sdk/src/rp2_common/pico_printf/printf.c.obj
 .text._vsnprintf
                0x0000000010002b90      0xb04 CMakeFiles/reflex_game.dir/home/toto/pico-sdk/src/rp2_common/pico_printf/printf.c.obj
 .text.vfctprintf
                0x0000000010003694       0x20 CMakeFiles/reflex_game.dir/home/toto/pico-sdk/src/rp2_common/pico_printf/printf.c.obj
                0x0000000010003694                vfctprintf
 .text.weak_raw_vprintf
                0x00000000100036b4       0x30 CMakeFiles/reflex_game.dir/home/toto/pico-sdk/src/rp2_common/pico_printf/printf.c.obj
                0x00000000100036b4                weak_raw_vprintf
 .text          0x00000000100036e4       0x10 CMakeFiles/reflex_game.dir/home/toto/pico-sdk/src/rp2_common/pico_bit_ops/bit_ops_aeabi.S.obj
 .text.rom_func_lookup
                0x00000000100036f4       0x10 CMakeFiles/reflex_game.dir/home/toto/pico-sdk/src/rp2_common/pico_bootrom/bootrom.c.obj
                0x00000000100036f4                rom_func_lookup
 .text.rom_data_lookup
                0x0000000010003704       0x10 CMakeFiles/reflex_game.dir/home/toto/pico-sdk/src/rp2_common/pico_bootrom/bootrom.c.obj
                0x0000000010003704                rom_data_lookup
 .text.rom_funcs_lookup
                0x0000000010003714       0x44 CMakeFiles/reflex_game.dir/home/toto/pico-sdk/src/rp2_common/pico_bootrom/bootrom.c.obj
                0x0000000010003714                rom_funcs_lookup
 .text.__wrap___aeabi_idiv
                0x0000000010003758       0x50 CMakeFiles/reflex_game.dir/home/toto/pico-sdk/src/rp2_common/pico_divider/divider.S.obj
                0x0000000010003758                __wrap___aeabi_idivmod
                0x0000000010003758                divmod_s32s32
                0x0000000010003758                div_s32s32
                0x0000000010003758                __wrap___aeabi_idiv
                0x0000000010003760                divmod_s32s32_unsafe
                0x000000001000378c                divmod_s32s32_savestate
 .text.__wrap___aeabi_uidiv
                0x00000000100037a8       0x4c CMakeFiles/reflex_game.dir/home/toto/pico-sdk/src/rp2_common/pico_divider/divider.S.obj
                0x00000000100037a8                __wrap___aeabi_uidiv
                0x00000000100037a8                __wrap___aeabi_uidivmod
                0x00000000100037a8                div_u32u32
                0x00000000100037a8                divmod_u32u32
                0x00000000100037b0                divmod_u32u32_unsafe
                0x00000000100037d8                divmod_u32u32_savestate
 .text.__wrap___aeabi_ldiv
                0x00000000100037f4      0x424 CMakeFiles/reflex_game.dir/home/toto/pico-sdk/src/rp2_common/pico_divider/divider.S.obj
                0x00000000100037f4                div_s64s64
                0x00000000100037f4                divmod_s64s64
                0x00000000100037f4                __wrap___aeabi_ldivmod
                0x0000000010003824                div_u64u64
                0x0000000010003824                divmod_u64u64
                0x0000000010003824                __wrap___aeabi_uldivmod
                0x0000000010003834                divmod_u64u64_savestate
                0x0000000010003854                divmod_s64s64_unsafe
                0x00000000100038dc                divmod_u64u64_unsafe
 .text.__wrap___aeabi_darithmetic
                0x0000000010003c18       0x80 CMakeFiles/reflex_game.dir/home/toto/pico-sdk/src/rp2_common/pico_double/double_aeabi.S.obj
                0x0000000010003c18                __wrap___aeabi_drsub
                0x0000000010003c1e                __wrap___aeabi_dsub
                0x0000000010003c30                __wrap___aeabi_dadd
                0x0000000010003c42                __wrap___aeabi_ddiv
                0x0000000010003c7e                __wrap___aeabi_dmul
 .text.__wrap___aeabi_cdcmple
                0x0000000010003c98       0x6c CMakeFiles/reflex_game.dir/home/toto/pico-sdk/src/rp2_common/pico_double/double_aeabi.S.obj
                0x0000000010003c98                __wrap___aeabi_cdrcmple
                0x0000000010003ca8                __wrap___aeabi_cdcmple
                0x0000000010003ca8                __wrap___aeabi_cdcmpeq
 .text.__wrap___aeabi_dcmplt
                0x0000000010003d04        0xc CMakeFiles/reflex_game.dir/home/toto/pico-sdk/src/rp2_common/pico_double/double_aeabi.S.obj
                0x0000000010003d04                __wrap___aeabi_dcmplt
 .text.__wrap___aeabi_dcmple
                0x0000000010003d10       0x10 CMakeFiles/reflex_game.dir/home/toto/pico-sdk/src/rp2_common/pico_double/double_aeabi.S.obj
                0x0000000010003d10                __wrap___aeabi_dcmple
 .text.__wrap___aeabi_dcmpge
                0x0000000010003d20       0x10 CMakeFiles/reflex_game.dir/home/toto/pico-sdk/src/rp2_common/pico_double/double_aeabi.S.obj
                0x0000000010003d20                __wrap___aeabi_dcmpge
 .text.__wrap___aeabi_dcmpgt
                0x0000000010003d30        0xa CMakeFiles/reflex_game.dir/home/toto/pico-sdk/src/rp2_common/pico_double/double_aeabi.S.obj
                0x0000000010003d30                __wrap___aeabi_dcmpgt
 .text.__wrap___aeabi_dcmpun
                0x0000000010003d3a       0x1c CMakeFiles/reflex_game.dir/home/toto/pico-sdk/src/rp2_common/pico_double/double_aeabi.S.obj
                0x0000000010003d3a                __wrap___aeabi_dcmpun
 *fill*         0x0000000010003d56        0x2 
 .text.__wrap___aeabi_i2d
                0x0000000010003d58       0x38 CMakeFiles/reflex_game.dir/home/toto/pico-sdk/src/rp2_common/pico_double/double_aeabi.S.obj
                0x0000000010003d58                __wrap___aeabi_ui2d
                0x0000000010003d60                __wrap___aeabi_i2d
 .text.__wrap___aeabi_d2iz
                0x0000000010003d90       0x48 CMakeFiles/reflex_game.dir/home/toto/pico-sdk/src/rp2_common/pico_double/double_aeabi.S.obj
                0x0000000010003d90                __wrap___aeabi_d2iz
                0x0000000010003d90                double2int_z
 .text.__wrap___aeabi_d2uiz
                0x0000000010003dd8       0x18 CMakeFiles/reflex_game.dir/home/toto/pico-sdk/src/rp2_common/pico_double/double_aeabi.S.obj
                0x0000000010003dd8                double2uint
                0x0000000010003dd8                __wrap___aeabi_d2uiz
 .text.__aeabi_double_init
                0x0000000010003df0       0x94 CMakeFiles/reflex_game.dir/home/toto/pico-sdk/src/rp2_common/pico_double/double_init_rom.c.obj
                0x0000000010003df0                __aeabi_double_init
 .text.double_table_shim_on_use_helper
                0x0000000010003e84       0x2c CMakeFiles/reflex_game.dir/home/toto/pico-sdk/src/rp2_common/pico_double/double_v1_rom_shim.S.obj
                0x0000000010003e84                double_table_shim_on_use_helper
 .text.__wrap___aeabi_dsub
                0x0000000010003eb0       0x10 CMakeFiles/reflex_game.dir/home/toto/pico-sdk/src/rp2_common/pico_double/double_v1_rom_shim.S.obj
                0x0000000010003eb0                drsub_shim
                0x0000000010003eb6                dsub_shim
 .text.dadd_shim
                0x0000000010003ec0      0x15c CMakeFiles/reflex_game.dir/home/toto/pico-sdk/src/rp2_common/pico_double/double_v1_rom_shim.S.obj
                0x0000000010003ec0                dadd_shim
 .text.dmul_shim
                0x000000001000401c      0x15c CMakeFiles/reflex_game.dir/home/toto/pico-sdk/src/rp2_common/pico_double/double_v1_rom_shim.S.obj
                0x000000001000401c                dmul_shim
 .text.ddiv_shim
                0x0000000010004178      0x1b0 CMakeFiles/reflex_game.dir/home/toto/pico-sdk/src/rp2_common/pico_double/double_v1_rom_shim.S.obj
                0x0000000010004178                ddiv_shim
 .text.double2uint_shim
                0x0000000010004328        0xe CMakeFiles/reflex_game.dir/home/toto/pico-sdk/src/rp2_common/pico_double/double_v1_rom_shim.S.obj
                0x0000000010004328                double2uint_shim
                0x000000001000432a                double2ufix_shim
 *fill*         0x0000000010004336        0x2 
 .text.double2uint64_shim
                0x0000000010004338       0x70 CMakeFiles/reflex_game.dir/home/toto/pico-sdk/src/rp2_common/pico_double/double_v1_rom_shim.S.obj
                0x0000000010004338                double2uint64_shim
                0x000000001000433a                double2ufix64_shim
                0x000000001000435a                d2fix_a
 .text.dunpacks
                0x00000000100043a8       0x3c CMakeFiles/reflex_game.dir/home/toto/pico-sdk/src/rp2_common/pico_double/double_v1_rom_shim.S.obj
                0x00000000100043a8                dunpacks
 .text.__aeabi_lmul
                0x00000000100043e4       0x32 CMakeFiles/reflex_game.dir/home/toto/pico-sdk/src/rp2_common/pico_int64_ops/pico_int64_ops_aeabi.S.obj
                0x00000000100043e4                __wrap___aeabi_lmul
 *fill*         0x0000000010004416        0x2 
 .text.__aeabi_float_init
                0x0000000010004418       0x64 CMakeFiles/reflex_game.dir/home/toto/pico-sdk/src/rp2_common/pico_float/float_init_rom.c.obj
                0x0000000010004418                __aeabi_float_init
 .text.float_table_shim_on_use_helper
                0x000000001000447c       0x2c CMakeFiles/reflex_game.dir/home/toto/pico-sdk/src/rp2_common/pico_float/float_v1_rom_shim.S.obj
                0x000000001000447c                float_table_shim_on_use_helper
 .text          0x00000000100044a8       0x10 CMakeFiles/reflex_game.dir/home/toto/pico-sdk/src/rp2_common/pico_mem_ops/mem_ops_aeabi.S.obj
                0x00000000100044a8                __aeabi_mem_init
 .text.memset   0x00000000100044b8        0xc CMakeFiles/reflex_game.dir/home/toto/pico-sdk/src/rp2_common/pico_mem_ops/mem_ops_aeabi.S.obj
                0x00000000100044b8                __wrap_memset
 .text.memcpy   0x00000000100044c4        0xc CMakeFiles/reflex_game.dir/home/toto/pico-sdk/src/rp2_common/pico_mem_ops/mem_ops_aeabi.S.obj
                0x00000000100044c4                __wrap___aeabi_memcpy
                0x00000000100044c4                __wrap_memcpy
 .text.stdio_out_chars_no_crlf
                0x00000000100044d0       0x10 CMakeFiles/reflex_game.dir/home/toto/pico-sdk/src/rp2_common/pico_stdio/stdio.c.obj
 .text.stdio_out_chars_crlf
                0x00000000100044e0       0xb4 CMakeFiles/reflex_game.dir/home/toto/pico-sdk/src/rp2_common/pico_stdio/stdio.c.obj
 .text.stdio_buffered_printer
                0x0000000010004594       0x64 CMakeFiles/reflex_game.dir/home/toto/pico-sdk/src/rp2_common/pico_stdio/stdio.c.obj
 .text.stdio_put_string.isra.0
                0x00000000100045f8       0xfc CMakeFiles/reflex_game.dir/home/toto/pico-sdk/src/rp2_common/pico_stdio/stdio.c.obj
 .text.__wrap_putchar
                0x00000000100046f4       0x98 CMakeFiles/reflex_game.dir/home/toto/pico-sdk/src/rp2_common/pico_stdio/stdio.c.obj
                0x00000000100046f4                __wrap_putchar
 .text.__wrap_puts
                0x000000001000478c       0x3c CMakeFiles/reflex_game.dir/home/toto/pico-sdk/src/rp2_common/pico_stdio/stdio.c.obj
                0x000000001000478c                __wrap_puts
 .text.stdio_set_driver_enabled
                0x00000000100047c8       0x30 CMakeFiles/reflex_game.dir/home/toto/pico-sdk/src/rp2_common/pico_stdio/stdio.c.obj
                0x00000000100047c8                stdio_set_driver_enabled
 .text.__wrap_vprintf
                0x00000000100047f8       0xd8 CMakeFiles/reflex_game.dir/home/toto/pico-sdk/src/rp2_common/pico_stdio/stdio.c.obj
                0x00000000100047f8                __wrap_vprintf
 .text.__wrap_printf
                0x00000000100048d0       0x18 CMakeFiles/reflex_game.dir/home/toto/pico-sdk/src/rp2_common/pico_stdio/stdio.c.obj
                0x00000000100048d0                __wrap_printf
 .text.stdio_init_all
                0x00000000100048e8        0x8 CMakeFiles/reflex_game.dir/home/toto/pico-sdk/src/rp2_common/pico_stdio/stdio.c.obj
                0x00000000100048e8                stdio_init_all
 .text.resetd_init
                0x00000000100048f0        0x4 CMakeFiles/reflex_game.dir/home/toto/pico-sdk/src/rp2_common/pico_stdio_usb/reset_interface.c.obj
 .text.resetd_reset
                0x00000000100048f4        0xc CMakeFiles/reflex_game.dir/home/toto/pico-sdk/src/rp2_common/pico_stdio_usb/reset_interface.c.obj
 .text.resetd_open
                0x0000000010004900       0x28 CMakeFiles/reflex_game.dir/home/toto/pico-sdk/src/rp2_common/pico_stdio_usb/reset_interface.c.obj
 .text.resetd_xfer_cb
                0x0000000010004928        0x4 CMakeFiles/reflex_game.dir/home/toto/pico-sdk/src/rp2_common/pico_stdio_usb/reset_interface.c.obj
 .text.resetd_control_xfer_cb
                0x000000001000492c       0x64 CMakeFiles/reflex_game.dir/home/toto/pico-sdk/src/rp2_common/pico_stdio_usb/reset_interface.c.obj
 .text.usbd_app_driver_get_cb
                0x0000000010004990        0xc CMakeFiles/reflex_game.dir/home/toto/pico-sdk/src/rp2_common/pico_stdio_usb/reset_interface.c.obj
                0x0000000010004990                usbd_app_driver_get_cb
 .text.tud_cdc_line_coding_cb
                0x000000001000499c       0x34 CMakeFiles/reflex_game.dir/home/toto/pico-sdk/src/rp2_common/pico_stdio_usb/reset_interface.c.obj
                0x000000001000499c                tud_cdc_line_coding_cb
 .text.stdio_usb_set_chars_available_callback
                0x00000000100049d0       0x14 CMakeFiles/reflex_game.dir/home/toto/pico-sdk/src/rp2_common/pico_stdio_usb/stdio_usb.c.obj
                0x00000000100049d0                stdio_usb_set_chars_available_callback
 .text.usb_irq  0x00000000100049e4       0x10 CMakeFiles/reflex_game.dir/home/toto/pico-sdk/src/rp2_common/pico_stdio_usb/stdio_usb.c.obj
 .text.timer_task
                0x00000000100049f4       0x54 CMakeFiles/reflex_game.dir/home/toto/pico-sdk/src/rp2_common/pico_stdio_usb/stdio_usb.c.obj
 .text.stdio_usb_in_chars
                0x0000000010004a48       0x90 CMakeFiles/reflex_game.dir/home/toto/pico-sdk/src/rp2_common/pico_stdio_usb/stdio_usb.c.obj
                0x0000000010004a48                stdio_usb_in_chars
 .text.stdio_usb_out_chars
                0x0000000010004ad8      0x100 CMakeFiles/reflex_game.dir/home/toto/pico-sdk/src/rp2_common/pico_stdio_usb/stdio_usb.c.obj
 .text.low_priority_worker_irq
                0x0000000010004bd8       0xa8 CMakeFiles/reflex_game.dir/home/toto/pico-sdk/src/rp2_common/pico_stdio_usb/stdio_usb.c.obj
 .text.tud_cdc_rx_cb
                0x0000000010004c80       0x20 CMakeFiles/reflex_game.dir/home/toto/pico-sdk/src/rp2_common/pico_stdio_usb/stdio_usb.c.obj
                0x0000000010004c80                tud_cdc_rx_cb
 .text.stdio_usb_init
                0x0000000010004ca0       0xdc CMakeFiles/reflex_game.dir/home/toto/pico-sdk/src/rp2_common/pico_stdio_usb/stdio_usb.c.obj
                0x0000000010004ca0                stdio_usb_init
 .text.tud_descriptor_device_cb
                0x0000000010004d7c        0x8 CMakeFiles/reflex_game.dir/home/toto/pico-sdk/src/rp2_common/pico_stdio_usb/stdio_usb_descriptors.c.obj
                0x0000000010004d7c                tud_descriptor_device_cb
 .text.tud_descriptor_configuration_cb
                0x0000000010004d84        0x8 CMakeFiles/reflex_game.dir/home/toto/pico-sdk/src/rp2_common/pico_stdio_usb/stdio_usb_descriptors.c.obj
                0x0000000010004d84                tud_descriptor_configuration_cb
 .text.tud_descriptor_string_cb
                0x0000000010004d8c       0x74 CMakeFiles/reflex_game.dir/home/toto/pico-sdk/src/rp2_common/pico_stdio_usb/stdio_usb_descriptors.c.obj
                0x0000000010004d8c                tud_descriptor_string_cb
 .text.startup._retrieve_unique_id_on_boot
                0x0000000010004e00       0x10 CMakeFiles/reflex_game.dir/home/toto/pico-sdk/src/rp2_common/pico_unique_id/unique_id.c.obj
 .text.pico_get_unique_board_id_string
                0x0000000010004e10      0x1a8 CMakeFiles/reflex_game.dir/home/toto/pico-sdk/src/rp2_common/pico_unique_id/unique_id.c.obj
                0x0000000010004e10                pico_get_unique_board_id_string
 .text.flash_get_unique_id
                0x0000000010004fb8       0x40 CMakeFiles/reflex_game.dir/home/toto/pico-sdk/src/rp2_common/hardware_flash/flash.c.obj
                0x0000000010004fb8                flash_get_unique_id
 .text.dcd_int_enable
                0x0000000010004ff8        0xc CMakeFiles/reflex_game.dir/home/toto/pico-sdk/lib/tinyusb/src/portable/raspberrypi/rp2040/dcd_rp2040.c.obj
                0x0000000010004ff8                dcd_int_enable
 .text.dcd_set_address
                0x0000000010005004       0x14 CMakeFiles/reflex_game.dir/home/toto/pico-sdk/lib/tinyusb/src/portable/raspberrypi/rp2040/dcd_rp2040.c.obj
                0x0000000010005004                dcd_set_address
 .text.dcd_connect
                0x0000000010005018       0x10 CMakeFiles/reflex_game.dir/home/toto/pico-sdk/lib/tinyusb/src/portable/raspberrypi/rp2040/dcd_rp2040.c.obj
                0x0000000010005018                dcd_connect
 .text.dcd_init
                0x0000000010005028       0x98 CMakeFiles/reflex_game.dir/home/toto/pico-sdk/lib/tinyusb/src/portable/raspberrypi/rp2040/dcd_rp2040.c.obj
                0x0000000010005028                dcd_init
 .text.dcd_edpt0_status_complete
                0x00000000100050c0       0x1c CMakeFiles/reflex_game.dir/home/toto/pico-sdk/lib/tinyusb/src/portable/raspberrypi/rp2040/dcd_rp2040.c.obj
                0x00000000100050c0                dcd_edpt0_status_complete
 .text.dcd_edpt_open
                0x00000000100050dc      0x108 CMakeFiles/reflex_game.dir/home/toto/pico-sdk/lib/tinyusb/src/portable/raspberrypi/rp2040/dcd_rp2040.c.obj
                0x00000000100050dc                dcd_edpt_open
 .text.dcd_edpt_close_all
                0x00000000100051e4        0x8 CMakeFiles/reflex_game.dir/home/toto/pico-sdk/lib/tinyusb/src/portable/raspberrypi/rp2040/dcd_rp2040.c.obj
                0x00000000100051e4                dcd_edpt_close_all
 .text.dcd_edpt_xfer
                0x00000000100051ec       0x24 CMakeFiles/reflex_game.dir/home/toto/pico-sdk/lib/tinyusb/src/portable/raspberrypi/rp2040/dcd_rp2040.c.obj
                0x00000000100051ec                dcd_edpt_xfer
 .text.dcd_edpt_stall
                0x0000000010005210       0x38 CMakeFiles/reflex_game.dir/home/toto/pico-sdk/lib/tinyusb/src/portable/raspberrypi/rp2040/dcd_rp2040.c.obj
                0x0000000010005210                dcd_edpt_stall
 .text.dcd_edpt_clear_stall
                0x0000000010005248       0x30 CMakeFiles/reflex_game.dir/home/toto/pico-sdk/lib/tinyusb/src/portable/raspberrypi/rp2040/dcd_rp2040.c.obj
                0x0000000010005248                dcd_edpt_clear_stall
 .text.rp2040_usb_init
                0x0000000010005278       0x4c CMakeFiles/reflex_game.dir/home/toto/pico-sdk/lib/tinyusb/src/portable/raspberrypi/rp2040/rp2040_usb.c.obj
                0x0000000010005278                rp2040_usb_init
 .text.hw_endpoint_xfer_start
                0x00000000100052c4       0x50 CMakeFiles/reflex_game.dir/home/toto/pico-sdk/lib/tinyusb/src/portable/raspberrypi/rp2040/rp2040_usb.c.obj
                0x00000000100052c4                hw_endpoint_xfer_start
 .text.tud_mounted
                0x0000000010005314       0x10 CMakeFiles/reflex_game.dir/home/toto/pico-sdk/lib/tinyusb/src/device/usbd.c.obj
                0x0000000010005314                tud_mounted
 .text.tud_suspended
                0x0000000010005324       0x10 CMakeFiles/reflex_game.dir/home/toto/pico-sdk/lib/tinyusb/src/device/usbd.c.obj
                0x0000000010005324                tud_suspended
 .text.tud_inited
                0x0000000010005334       0x14 CMakeFiles/reflex_game.dir/home/toto/pico-sdk/lib/tinyusb/src/device/usbd.c.obj
                0x0000000010005334                tud_inited
 .text.tud_init
                0x0000000010005348       0xe4 CMakeFiles/reflex_game.dir/home/toto/pico-sdk/lib/tinyusb/src/device/usbd.c.obj
                0x0000000010005348                tud_init
 .text.tud_task_ext
                0x000000001000542c      0x854 CMakeFiles/reflex_game.dir/home/toto/pico-sdk/lib/tinyusb/src/device/usbd.c.obj
                0x000000001000542c                tud_task_ext
 .text.usbd_open_edpt_pair
                0x0000000010005c80       0x9c CMakeFiles/reflex_game.dir/home/toto/pico-sdk/lib/tinyusb/src/device/usbd.c.obj
                0x0000000010005c80                usbd_open_edpt_pair
 .text.usbd_defer_func
                0x0000000010005d1c       0x48 CMakeFiles/reflex_game.dir/home/toto/pico-sdk/lib/tinyusb/src/device/usbd.c.obj
                0x0000000010005d1c                usbd_defer_func
 .text.usbd_edpt_open
                0x0000000010005d64       0x34 CMakeFiles/reflex_game.dir/home/toto/pico-sdk/lib/tinyusb/src/device/usbd.c.obj
                0x0000000010005d64                usbd_edpt_open
 .text.usbd_edpt_claim
                0x0000000010005d98       0x28 CMakeFiles/reflex_game.dir/home/toto/pico-sdk/lib/tinyusb/src/device/usbd.c.obj
                0x0000000010005d98                usbd_edpt_claim
 .text.usbd_edpt_release
                0x0000000010005dc0       0x28 CMakeFiles/reflex_game.dir/home/toto/pico-sdk/lib/tinyusb/src/device/usbd.c.obj
                0x0000000010005dc0                usbd_edpt_release
 .text.usbd_edpt_xfer
                0x0000000010005de8       0x4c CMakeFiles/reflex_game.dir/home/toto/pico-sdk/lib/tinyusb/src/device/usbd.c.obj
                0x0000000010005de8                usbd_edpt_xfer
 .text.tud_control_status
                0x0000000010005e34       0x30 CMakeFiles/reflex_game.dir/home/toto/pico-sdk/lib/tinyusb/src/device/usbd_control.c.obj
                0x0000000010005e34                tud_control_status
 .text.tud_control_xfer
                0x0000000010005e64       0xbc CMakeFiles/reflex_game.dir/home/toto/pico-sdk/lib/tinyusb/src/device/usbd_control.c.obj
                0x0000000010005e64                tud_control_xfer
 .text.usbd_control_reset
                0x0000000010005f20       0x14 CMakeFiles/reflex_game.dir/home/toto/pico-sdk/lib/tinyusb/src/device/usbd_control.c.obj
                0x0000000010005f20                usbd_control_reset
 .text.usbd_control_set_complete_callback
                0x0000000010005f34        0xc CMakeFiles/reflex_game.dir/home/toto/pico-sdk/lib/tinyusb/src/device/usbd_control.c.obj
                0x0000000010005f34                usbd_control_set_complete_callback
 .text.usbd_control_set_request
                0x0000000010005f40       0x1c CMakeFiles/reflex_game.dir/home/toto/pico-sdk/lib/tinyusb/src/device/usbd_control.c.obj
                0x0000000010005f40                usbd_control_set_request
 .text.usbd_control_xfer_cb
                0x0000000010005f5c       0xfc CMakeFiles/reflex_game.dir/home/toto/pico-sdk/lib/tinyusb/src/device/usbd_control.c.obj
                0x0000000010005f5c                usbd_control_xfer_cb
 .text.tud_cdc_n_connected
                0x0000000010006058       0x30 CMakeFiles/reflex_game.dir/home/toto/pico-sdk/lib/tinyusb/src/class/cdc/cdc_device.c.obj
                0x0000000010006058                tud_cdc_n_connected
 .text.tud_cdc_n_available
                0x0000000010006088       0x18 CMakeFiles/reflex_game.dir/home/toto/pico-sdk/lib/tinyusb/src/class/cdc/cdc_device.c.obj
                0x0000000010006088                tud_cdc_n_available
 .text.tud_cdc_n_read
                0x00000000100060a0       0x70 CMakeFiles/reflex_game.dir/home/toto/pico-sdk/lib/tinyusb/src/class/cdc/cdc_device.c.obj
                0x00000000100060a0                tud_cdc_n_read
 .text.tud_cdc_n_write_flush
                0x0000000010006110       0x78 CMakeFiles/reflex_game.dir/home/toto/pico-sdk/lib/tinyusb/src/class/cdc/cdc_device.c.obj
                0x0000000010006110                tud_cdc_n_write_flush
 .text.tud_cdc_n_write
                0x0000000010006188       0x34 CMakeFiles/reflex_game.dir/home/toto/pico-sdk/lib/tinyusb/src/class/cdc/cdc_device.c.obj
                0x0000000010006188                tud_cdc_n_write
 .text.tud_cdc_n_write_available
                0x00000000100061bc       0x18 CMakeFiles/reflex_game.dir/home/toto/pico-sdk/lib/tinyusb/src/class/cdc/cdc_device.c.obj
                0x00000000100061bc                tud_cdc_n_write_available
 .text.cdcd_init
                0x00000000100061d4       0x7c CMakeFiles/reflex_game.dir/home/toto/pico-sdk/lib/tinyusb/src/class/cdc/cdc_device.c.obj
                0x00000000100061d4                cdcd_init
 .text.cdcd_reset
                0x0000000010006250       0x2c CMakeFiles/reflex_game.dir/home/toto/pico-sdk/lib/tinyusb/src/class/cdc/cdc_device.c.obj
                0x0000000010006250                cdcd_reset
 .text.cdcd_open
                0x000000001000627c       0xe8 CMakeFiles/reflex_game.dir/home/toto/pico-sdk/lib/tinyusb/src/class/cdc/cdc_device.c.obj
                0x000000001000627c                cdcd_open
 .text.cdcd_control_xfer_cb
                0x0000000010006364       0xe4 CMakeFiles/reflex_game.dir/home/toto/pico-sdk/lib/tinyusb/src/class/cdc/cdc_device.c.obj
                0x0000000010006364                cdcd_control_xfer_cb
 .text.cdcd_xfer_cb
                0x0000000010006448      0x148 CMakeFiles/reflex_game.dir/home/toto/pico-sdk/lib/tinyusb/src/class/cdc/cdc_device.c.obj
                0x0000000010006448                cdcd_xfer_cb
 .text.tusb_init
                0x0000000010006590        0xc CMakeFiles/reflex_game.dir/home/toto/pico-sdk/lib/tinyusb/src/tusb.c.obj
                0x0000000010006590                tusb_init
 .text.tusb_inited
                0x000000001000659c        0x8 CMakeFiles/reflex_game.dir/home/toto/pico-sdk/lib/tinyusb/src/tusb.c.obj
                0x000000001000659c                tusb_inited
 .text.tu_edpt_claim
                0x00000000100065a4       0x50 CMakeFiles/reflex_game.dir/home/toto/pico-sdk/lib/tinyusb/src/tusb.c.obj
                0x00000000100065a4                tu_edpt_claim
 .text.tu_edpt_release
                0x00000000100065f4       0x38 CMakeFiles/reflex_game.dir/home/toto/pico-sdk/lib/tinyusb/src/tusb.c.obj
                0x00000000100065f4                tu_edpt_release
 .text.tu_edpt_validate
                0x000000001000662c       0x78 CMakeFiles/reflex_game.dir/home/toto/pico-sdk/lib/tinyusb/src/tusb.c.obj
                0x000000001000662c                tu_edpt_validate
 .text.tu_edpt_bind_driver
                0x00000000100066a4       0x34 CMakeFiles/reflex_game.dir/home/toto/pico-sdk/lib/tinyusb/src/tusb.c.obj
                0x00000000100066a4                tu_edpt_bind_driver
 .text.tu_fifo_config
                0x00000000100066d8       0x70 CMakeFiles/reflex_game.dir/home/toto/pico-sdk/lib/tinyusb/src/common/tusb_fifo.c.obj
                0x00000000100066d8                tu_fifo_config
 .text.tu_fifo_count
                0x0000000010006748       0x2c CMakeFiles/reflex_game.dir/home/toto/pico-sdk/lib/tinyusb/src/common/tusb_fifo.c.obj
                0x0000000010006748                tu_fifo_count
 .text.tu_fifo_empty
                0x0000000010006774       0x10 CMakeFiles/reflex_game.dir/home/toto/pico-sdk/lib/tinyusb/src/common/tusb_fifo.c.obj
                0x0000000010006774                tu_fifo_empty
 .text.tu_fifo_remaining
                0x0000000010006784       0x2c CMakeFiles/reflex_game.dir/home/toto/pico-sdk/lib/tinyusb/src/common/tusb_fifo.c.obj
                0x0000000010006784                tu_fifo_remaining
 .text.tu_fifo_read
                0x00000000100067b0       0xa0 CMakeFiles/reflex_game.dir/home/toto/pico-sdk/lib/tinyusb/src/common/tusb_fifo.c.obj
                0x00000000100067b0                tu_fifo_read
 .text.tu_fifo_read_n
                0x0000000010006850       0xec CMakeFiles/reflex_game.dir/home/toto/pico-sdk/lib/tinyusb/src/common/tusb_fifo.c.obj
                0x0000000010006850                tu_fifo_read_n
 .text.tu_fifo_write
                0x000000001000693c       0x88 CMakeFiles/reflex_game.dir/home/toto/pico-sdk/lib/tinyusb/src/common/tusb_fifo.c.obj
                0x000000001000693c                tu_fifo_write
 .text.tu_fifo_write_n
                0x00000000100069c4      0x168 CMakeFiles/reflex_game.dir/home/toto/pico-sdk/lib/tinyusb/src/common/tusb_fifo.c.obj
                0x00000000100069c4                tu_fifo_write_n
 .text.tu_fifo_clear
                0x0000000010006b2c       0x40 CMakeFiles/reflex_game.dir/home/toto/pico-sdk/lib/tinyusb/src/common/tusb_fifo.c.obj
                0x0000000010006b2c                tu_fifo_clear
 .text.tu_fifo_set_overwritable
                0x0000000010006b6c       0x48 CMakeFiles/reflex_game.dir/home/toto/pico-sdk/lib/tinyusb/src/common/tusb_fifo.c.obj
                0x0000000010006b6c                tu_fifo_set_overwritable
 .text          0x0000000010006bb4       0x48 /usr/lib/gcc/arm-none-eabi/10.3.1/../../../arm-none-eabi/lib/thumb/v6-m/nofp/libc.a(lib_a-rand.o)
                0x0000000010006bb4                srand
                0x0000000010006bc8                rand
 .text          0x0000000010006bfc       0x5c /usr/lib/gcc/arm-none-eabi/10.3.1/../../../arm-none-eabi/lib/thumb/v6-m/nofp/libc.a(lib_a-strlen-stub.o)
                0x0000000010006bfc                strlen
 .text          0x0000000010006c58       0x34 /usr/lib/gcc/arm-none-eabi/10.3.1/../../../arm-none-eabi/lib/thumb/v6-m/nofp/libc.a(lib_a-time.o)
                0x0000000010006c58                time
 .text          0x0000000010006c8c       0x28 /usr/lib/gcc/arm-none-eabi/10.3.1/../../../arm-none-eabi/lib/thumb/v6-m/nofp/libc.a(lib_a-gettimeofdayr.o)
                0x0000000010006c8c                _gettimeofday_r
 *(.fini)
 .fini          0x0000000010006cb4        0x4 /usr/lib/gcc/arm-none-eabi/10.3.1/thumb/v6-m/nofp/crti.o
                0x0000000010006cb4                _fini
 .fini.__stub   0x0000000010006cb8       0xd0 linker stubs
 *crtbegin.o(.ctors)
 *crtbegin?.o(.ctors)
 *(EXCLUDE_FILE(*crtend.o *crtend?.o) .ctors)
 *(SORT_BY_NAME(.ctors.*))
 *(.ctors)
 *crtbegin.o(.dtors)
 *crtbegin?.o(.dtors)
 *(EXCLUDE_FILE(*crtend.o *crtend?.o) .dtors)
 *(SORT_BY_NAME(.dtors.*))
 *(.dtors)
 *(.eh_frame*)
 .eh_frame      0x0000000010006d88        0x0 /usr/lib/gcc/arm-none-eabi/10.3.1/thumb/v6-m/nofp/crtbegin.o
                0x0000000010006d88                . = ALIGN (0x4)

.glue_7         0x0000000010006d88        0x0
 .glue_7        0x0000000010006d88        0x0 linker stubs

.glue_7t        0x0000000010006d88        0x0
 .glue_7t       0x0000000010006d88        0x0 linker stubs

.vfp11_veneer   0x0000000010006d88        0x0
 .vfp11_veneer  0x0000000010006d88        0x0 linker stubs

.v4_bx          0x0000000010006d88        0x0
 .v4_bx         0x0000000010006d88        0x0 linker stubs

.iplt           0x0000000010006d88        0x0
 .iplt          0x0000000010006d88        0x0 /usr/lib/gcc/arm-none-eabi/10.3.1/thumb/v6-m/nofp/crtbegin.o

.rodata         0x0000000010006d88      0x588
 *(EXCLUDE_FILE(*libm.a: *libc.a:*lib_a-mem*.o *libgcc.a:) .rodata*)
 .rodata.main.str1.4
                0x0000000010006d88       0x45 CMakeFiles/reflex_game.dir/reflex_game.c.obj
 *fill*         0x0000000010006dcd        0x3 
 .rodata.BUTTON_PINS
                0x0000000010006dd0       0x10 CMakeFiles/reflex_game.dir/reflex_game.c.obj
                0x0000000010006dd0                BUTTON_PINS
 .rodata.LED_PINS
                0x0000000010006de0       0x10 CMakeFiles/reflex_game.dir/reflex_game.c.obj
                0x0000000010006de0                LED_PINS
 .rodata.spin_lock_claim_unused.str1.4
                0x0000000010006df0       0x1b CMakeFiles/reflex_game.dir/home/toto/pico-sdk/src/rp2_common/hardware_sync/sync.c.obj
 *fill*         0x0000000010006e0b        0x1 
 .rodata.user_irq_claim_unused.str1.4
                0x0000000010006e0c       0x1b CMakeFiles/reflex_game.dir/home/toto/pico-sdk/src/rp2_common/hardware_irq/irq.c.obj
 *fill*         0x0000000010006e27        0x1 
 .rodata.hardware_alarm_claim.str1.4
                0x0000000010006e28       0x22 CMakeFiles/reflex_game.dir/home/toto/pico-sdk/src/rp2_common/hardware_timer/timer.c.obj
 *fill*         0x0000000010006e4a        0x2 
 .rodata.panic.str1.4
                0x0000000010006e4c       0x12 CMakeFiles/reflex_game.dir/home/toto/pico-sdk/src/rp2_common/pico_runtime/runtime.c.obj
 *fill*         0x0000000010006e5e        0x2 
 .rodata.hard_assertion_failure.str1.4
                0x0000000010006e60        0xc CMakeFiles/reflex_game.dir/home/toto/pico-sdk/src/rp2_common/pico_runtime/runtime.c.obj
 .rodata._ftoa.str1.4
                0x0000000010006e6c       0x15 CMakeFiles/reflex_game.dir/home/toto/pico-sdk/src/rp2_common/pico_printf/printf.c.obj
 *fill*         0x0000000010006e81        0x3 
 .rodata._vsnprintf
                0x0000000010006e84      0x1e0 CMakeFiles/reflex_game.dir/home/toto/pico-sdk/src/rp2_common/pico_printf/printf.c.obj
 *fill*         0x0000000010007064        0x4 
 .rodata.pow10.0
                0x0000000010007068       0x50 CMakeFiles/reflex_game.dir/home/toto/pico-sdk/src/rp2_common/pico_printf/printf.c.obj
 .rodata.str1.4
                0x00000000100070b8       0x40 CMakeFiles/reflex_game.dir/home/toto/pico-sdk/src/rp2_common/pico_standard_link/binary_info.c.obj
 .rodata.__bi_44
                0x00000000100070f8        0xc CMakeFiles/reflex_game.dir/home/toto/pico-sdk/src/rp2_common/pico_standard_link/binary_info.c.obj
 .rodata.__bi_75
                0x0000000010007104        0xc CMakeFiles/reflex_game.dir/home/toto/pico-sdk/src/rp2_common/pico_standard_link/binary_info.c.obj
 .rodata.__bi_81
                0x0000000010007110        0xc CMakeFiles/reflex_game.dir/home/toto/pico-sdk/src/rp2_common/pico_standard_link/binary_info.c.obj
 .rodata.crlf_str.0
                0x000000001000711c        0x2 CMakeFiles/reflex_game.dir/home/toto/pico-sdk/src/rp2_common/pico_stdio/stdio.c.obj
 *fill*         0x000000001000711e        0x2 
 .rodata._resetd_driver
                0x0000000010007120       0x18 CMakeFiles/reflex_game.dir/home/toto/pico-sdk/src/rp2_common/pico_stdio_usb/reset_interface.c.obj
 .rodata.str1.4
                0x0000000010007138       0x13 CMakeFiles/reflex_game.dir/home/toto/pico-sdk/src/rp2_common/pico_stdio_usb/stdio_usb.c.obj
 *fill*         0x000000001000714b        0x1 
 .rodata.__bi_182.0
                0x000000001000714c        0xc CMakeFiles/reflex_game.dir/home/toto/pico-sdk/src/rp2_common/pico_stdio_usb/stdio_usb.c.obj
 .rodata.str1.4
                0x0000000010007158       0x2a CMakeFiles/reflex_game.dir/home/toto/pico-sdk/src/rp2_common/pico_stdio_usb/stdio_usb_descriptors.c.obj
 *fill*         0x0000000010007182        0x2 
 .rodata.usbd_desc_cfg
                0x0000000010007184       0x54 CMakeFiles/reflex_game.dir/home/toto/pico-sdk/src/rp2_common/pico_stdio_usb/stdio_usb_descriptors.c.obj
 .rodata.usbd_desc_device
                0x00000000100071d8       0x12 CMakeFiles/reflex_game.dir/home/toto/pico-sdk/src/rp2_common/pico_stdio_usb/stdio_usb_descriptors.c.obj
 *fill*         0x00000000100071ea        0x2 
 .rodata.usbd_desc_str
                0x00000000100071ec       0x18 CMakeFiles/reflex_game.dir/home/toto/pico-sdk/src/rp2_common/pico_stdio_usb/stdio_usb_descriptors.c.obj
 .rodata.str1.4
                0x0000000010007204       0x14 CMakeFiles/reflex_game.dir/home/toto/pico-sdk/lib/tinyusb/src/portable/raspberrypi/rp2040/dcd_rp2040.c.obj
 .rodata.str1.4
                0x0000000010007218       0x53 CMakeFiles/reflex_game.dir/home/toto/pico-sdk/lib/tinyusb/src/portable/raspberrypi/rp2040/rp2040_usb.c.obj
 *fill*         0x000000001000726b        0x1 
 .rodata.tud_task_ext
                0x000000001000726c       0x8c CMakeFiles/reflex_game.dir/home/toto/pico-sdk/lib/tinyusb/src/device/usbd.c.obj
 .rodata._usbd_driver
                0x00000000100072f8       0x18 CMakeFiles/reflex_game.dir/home/toto/pico-sdk/lib/tinyusb/src/device/usbd.c.obj
                0x0000000010007310                . = ALIGN (0x4)
 *(SORT_BY_ALIGNMENT(SORT_BY_NAME(.flashdata*)))
                0x0000000010007310                . = ALIGN (0x4)

.ARM.extab
 *(.ARM.extab* .gnu.linkonce.armextab.*)
                0x0000000010007310                __exidx_start = .

.ARM.exidx
 *(.ARM.exidx* .gnu.linkonce.armexidx.*)
                0x0000000010007310                __exidx_end = .
                0x0000000010007310                . = ALIGN (0x4)
                0x0000000010007310                __binary_info_start = .

.binary_info    0x0000000010007310       0x20
 *(.binary_info.keep.*)
 .binary_info.keep.__bi_ptr22
                0x0000000010007310        0x4 CMakeFiles/reflex_game.dir/home/toto/pico-sdk/src/rp2_common/pico_standard_link/binary_info.c.obj
 .binary_info.keep.__bi_ptr30
                0x0000000010007314        0x4 CMakeFiles/reflex_game.dir/home/toto/pico-sdk/src/rp2_common/pico_standard_link/binary_info.c.obj
 .binary_info.keep.__bi_ptr38
                0x0000000010007318        0x4 CMakeFiles/reflex_game.dir/home/toto/pico-sdk/src/rp2_common/pico_standard_link/binary_info.c.obj
 .binary_info.keep.__bi_ptr44
                0x000000001000731c        0x4 CMakeFiles/reflex_game.dir/home/toto/pico-sdk/src/rp2_common/pico_standard_link/binary_info.c.obj
 .binary_info.keep.__bi_ptr50
                0x0000000010007320        0x4 CMakeFiles/reflex_game.dir/home/toto/pico-sdk/src/rp2_common/pico_standard_link/binary_info.c.obj
 .binary_info.keep.__bi_ptr75
                0x0000000010007324        0x4 CMakeFiles/reflex_game.dir/home/toto/pico-sdk/src/rp2_common/pico_standard_link/binary_info.c.obj
 .binary_info.keep.__bi_ptr81
                0x0000000010007328        0x4 CMakeFiles/reflex_game.dir/home/toto/pico-sdk/src/rp2_common/pico_standard_link/binary_info.c.obj
 *(.binary_info.*)
 .binary_info.__bi_ptr182
                0x000000001000732c        0x4 CMakeFiles/reflex_game.dir/home/toto/pico-sdk/src/rp2_common/pico_stdio_usb/stdio_usb.c.obj
                0x0000000010007330                __binary_info_end = .

.rel.dyn        0x0000000010007330        0x0
 .rel.iplt      0x0000000010007330        0x0 /usr/lib/gcc/arm-none-eabi/10.3.1/thumb/v6-m/nofp/crtbegin.o
                0x0000000010007330                . = ALIGN (0x4)

.ram_vector_table
                0x0000000020000000       0xc0
 *(.ram_vector_table)
 .ram_vector_table
                0x0000000020000000       0xc0 CMakeFiles/reflex_game.dir/home/toto/pico-sdk/src/rp2_common/pico_runtime/runtime.c.obj
                0x0000000020000000                ram_vector_table

.data           0x00000000200000c0     0x1280 load address 0x0000000010007330
                0x00000000200000c0                __data_start__ = .
 *(vtable)
 *(.time_critical*)
 .time_critical.mutex_try_enter
                0x00000000200000c0       0x44 CMakeFiles/reflex_game.dir/home/toto/pico-sdk/src/common/pico_sync/mutex.c.obj
                0x00000000200000c0                mutex_try_enter
 .time_critical.mutex_try_enter_block_until
                0x0000000020000104       0x9c CMakeFiles/reflex_game.dir/home/toto/pico-sdk/src/common/pico_sync/mutex.c.obj
                0x0000000020000104                mutex_try_enter_block_until
 .time_critical.mutex_enter_timeout_ms
                0x00000000200001a0       0x90 CMakeFiles/reflex_game.dir/home/toto/pico-sdk/src/common/pico_sync/mutex.c.obj
                0x00000000200001a0                mutex_enter_timeout_ms
 .time_critical.mutex_exit
                0x0000000020000230       0x28 CMakeFiles/reflex_game.dir/home/toto/pico-sdk/src/common/pico_sync/mutex.c.obj
                0x0000000020000230                mutex_exit
 .time_critical.flash_init_boot2_copyout
                0x0000000020000258       0x30 CMakeFiles/reflex_game.dir/home/toto/pico-sdk/src/rp2_common/hardware_flash/flash.c.obj
 .time_critical.flash_enable_xip_via_boot2
                0x0000000020000288       0x10 CMakeFiles/reflex_game.dir/home/toto/pico-sdk/src/rp2_common/hardware_flash/flash.c.obj
 .time_critical.flash_cs_force
                0x0000000020000298       0x38 CMakeFiles/reflex_game.dir/home/toto/pico-sdk/src/rp2_common/hardware_flash/flash.c.obj
 .time_critical.flash_do_cmd
                0x00000000200002d0       0xc4 CMakeFiles/reflex_game.dir/home/toto/pico-sdk/src/rp2_common/hardware_flash/flash.c.obj
                0x00000000200002d0                flash_do_cmd
 .time_critical.reset_non_control_endpoints
                0x0000000020000394       0xbc CMakeFiles/reflex_game.dir/home/toto/pico-sdk/lib/tinyusb/src/portable/raspberrypi/rp2040/dcd_rp2040.c.obj
 .time_critical.hw_handle_buff_status
                0x0000000020000450       0xa8 CMakeFiles/reflex_game.dir/home/toto/pico-sdk/lib/tinyusb/src/portable/raspberrypi/rp2040/dcd_rp2040.c.obj
 .time_critical.dcd_rp2040_irq
                0x00000000200004f8      0x4d8 CMakeFiles/reflex_game.dir/home/toto/pico-sdk/lib/tinyusb/src/portable/raspberrypi/rp2040/dcd_rp2040.c.obj
 .time_critical.e15_is_bulkin_ep
                0x00000000200009d0       0x28 CMakeFiles/reflex_game.dir/home/toto/pico-sdk/lib/tinyusb/src/portable/raspberrypi/rp2040/rp2040_usb.c.obj
 .time_critical.e15_is_critical_frame_period
                0x00000000200009f8       0x34 CMakeFiles/reflex_game.dir/home/toto/pico-sdk/lib/tinyusb/src/portable/raspberrypi/rp2040/rp2040_usb.c.obj
 .time_critical.prepare_ep_buffer
                0x0000000020000a2c       0x70 CMakeFiles/reflex_game.dir/home/toto/pico-sdk/lib/tinyusb/src/portable/raspberrypi/rp2040/rp2040_usb.c.obj
 .time_critical.sync_ep_buffer
                0x0000000020000a9c       0x4c CMakeFiles/reflex_game.dir/home/toto/pico-sdk/lib/tinyusb/src/portable/raspberrypi/rp2040/rp2040_usb.c.obj
 .time_critical._hw_endpoint_xfer_sync
                0x0000000020000ae8       0x28 CMakeFiles/reflex_game.dir/home/toto/pico-sdk/lib/tinyusb/src/portable/raspberrypi/rp2040/rp2040_usb.c.obj
 .time_critical.hw_endpoint_reset_transfer
                0x0000000020000b10        0xc CMakeFiles/reflex_game.dir/home/toto/pico-sdk/lib/tinyusb/src/portable/raspberrypi/rp2040/rp2040_usb.c.obj
                0x0000000020000b10                hw_endpoint_reset_transfer
 .time_critical._hw_endpoint_buffer_control_update32
                0x0000000020000b1c       0x58 CMakeFiles/reflex_game.dir/home/toto/pico-sdk/lib/tinyusb/src/portable/raspberrypi/rp2040/rp2040_usb.c.obj
                0x0000000020000b1c                _hw_endpoint_buffer_control_update32
 .time_critical.hw_endpoint_start_next_buffer
                0x0000000020000b74       0x6c CMakeFiles/reflex_game.dir/home/toto/pico-sdk/lib/tinyusb/src/portable/raspberrypi/rp2040/rp2040_usb.c.obj
                0x0000000020000b74                hw_endpoint_start_next_buffer
 .time_critical.hw_endpoint_xfer_continue
                0x0000000020000be0       0x50 CMakeFiles/reflex_game.dir/home/toto/pico-sdk/lib/tinyusb/src/portable/raspberrypi/rp2040/rp2040_usb.c.obj
                0x0000000020000be0                hw_endpoint_xfer_continue
 .time_critical.tinyusb
                0x0000000020000c30      0x170 CMakeFiles/reflex_game.dir/home/toto/pico-sdk/lib/tinyusb/src/device/usbd.c.obj
                0x0000000020000c30                dcd_event_handler
 *(.text*)
 .text          0x0000000020000da0        0x4 /usr/lib/gcc/arm-none-eabi/10.3.1/thumb/v6-m/nofp/libgcc.a(_dvmd_tls.o)
                0x0000000020000da0                __aeabi_ldiv0
                0x0000000020000da0                __aeabi_idiv0
 *fill*         0x0000000020000da4        0x4 
 .text.__stub   0x0000000020000da8       0x70 linker stubs
                0x0000000020000e18                . = ALIGN (0x4)
 *(.rodata*)
                0x0000000020000e18                . = ALIGN (0x4)
 *(.data*)
 .data.striped_spin_lock_num
                0x0000000020000e18        0x1 CMakeFiles/reflex_game.dir/home/toto/pico-sdk/src/rp2_common/hardware_sync/sync.c.obj
 *fill*         0x0000000020000e19        0x3 
 .data          0x0000000020000e1c       0x48 CMakeFiles/reflex_game.dir/home/toto/pico-sdk/src/rp2_common/hardware_irq/irq_handler_chain.S.obj
                0x0000000020000e1c                irq_handler_chain_slots
                0x0000000020000e4c                irq_handler_chain_first_slot
                0x0000000020000e56                irq_handler_chain_remove_tail
 .data.default_alarm_pool
                0x0000000020000e64       0x18 CMakeFiles/reflex_game.dir/home/toto/pico-sdk/src/common/pico_time/time.c.obj
 .data.default_alarm_pool_heap
                0x0000000020000e7c       0x10 CMakeFiles/reflex_game.dir/home/toto/pico-sdk/src/common/pico_time/time.c.obj
 *fill*         0x0000000020000e8c        0x4 
 .data.aeabi_bits_funcs
                0x0000000020000e90       0x10 CMakeFiles/reflex_game.dir/home/toto/pico-sdk/src/rp2_common/pico_bit_ops/bit_ops_aeabi.S.obj
                0x0000000020000e90                aeabi_bits_funcs
                0x0000000020000ea0                aeabi_bits_funcs_end
 .data.aeabi_mem_funcs
                0x0000000020000ea0       0x10 CMakeFiles/reflex_game.dir/home/toto/pico-sdk/src/rp2_common/pico_mem_ops/mem_ops_aeabi.S.obj
                0x0000000020000ea0                aeabi_mem_funcs
                0x0000000020000eb0                aeabi_mem_funcs_end
 .data.stdio_usb
                0x0000000020000eb0       0x18 CMakeFiles/reflex_game.dir/home/toto/pico-sdk/src/rp2_common/pico_stdio_usb/stdio_usb.c.obj
                0x0000000020000eb0                stdio_usb
 .data.ep_dir_string
                0x0000000020000ec8        0x8 CMakeFiles/reflex_game.dir/home/toto/pico-sdk/lib/tinyusb/src/portable/raspberrypi/rp2040/rp2040_usb.c.obj
                0x0000000020000ec8                ep_dir_string
 .data._usbd_qdef
                0x0000000020000ed0       0x1c CMakeFiles/reflex_game.dir/home/toto/pico-sdk/lib/tinyusb/src/device/usbd.c.obj
                0x0000000020000ed0                _usbd_qdef
 .data._usbd_rhport
                0x0000000020000eec        0x1 CMakeFiles/reflex_game.dir/home/toto/pico-sdk/lib/tinyusb/src/device/usbd.c.obj
 *fill*         0x0000000020000eed        0x3 
 .data          0x0000000020000ef0      0x430 /usr/lib/gcc/arm-none-eabi/10.3.1/../../../arm-none-eabi/lib/thumb/v6-m/nofp/libc.a(lib_a-impure.o)
                0x0000000020000ef0                _impure_ptr
                0x0000000020001320                . = ALIGN (0x4)
 *(.after_data.*)
                0x0000000020001320                . = ALIGN (0x4)
                0x0000000020001320                PROVIDE (__mutex_array_start = .)
 *(SORT_BY_NAME(.mutex_array.*))
 *(.mutex_array)
 .mutex_array   0x0000000020001320        0x8 CMakeFiles/reflex_game.dir/home/toto/pico-sdk/src/rp2_common/pico_stdio/stdio.c.obj
                0x0000000020001328                PROVIDE (__mutex_array_end = .)
                0x0000000020001328                . = ALIGN (0x4)
                0x0000000020001328                PROVIDE (__preinit_array_start = .)
 *(SORT_BY_NAME(.preinit_array.*))
 .preinit_array.00001
                0x0000000020001328        0x4 CMakeFiles/reflex_game.dir/home/toto/pico-sdk/src/rp2_common/pico_mem_ops/mem_ops_aeabi.S.obj
 .preinit_array.00010
                0x000000002000132c        0x4 CMakeFiles/reflex_game.dir/home/toto/pico-sdk/src/rp2_common/pico_bit_ops/bit_ops_aeabi.S.obj
 .preinit_array.00020
                0x0000000020001330        0x4 CMakeFiles/reflex_game.dir/home/toto/pico-sdk/src/rp2_common/pico_double/double_aeabi.S.obj
 .preinit_array.00020
                0x0000000020001334        0x4 CMakeFiles/reflex_game.dir/home/toto/pico-sdk/src/rp2_common/pico_float/float_aeabi.S.obj
 *(.preinit_array)
                0x0000000020001338                PROVIDE (__preinit_array_end = .)
                0x0000000020001338                . = ALIGN (0x4)
                0x0000000020001338                PROVIDE (__init_array_start = .)
 *(SORT_BY_NAME(.init_array.*))
 *(.init_array)
 .init_array    0x0000000020001338        0x4 /usr/lib/gcc/arm-none-eabi/10.3.1/thumb/v6-m/nofp/crtbegin.o
 .init_array    0x000000002000133c        0x4 CMakeFiles/reflex_game.dir/home/toto/pico-sdk/src/rp2_common/pico_unique_id/unique_id.c.obj
                0x0000000020001340                PROVIDE (__init_array_end = .)
                0x0000000020001340                . = ALIGN (0x4)
                0x0000000020001340                PROVIDE (__fini_array_start = .)
 *(SORT_BY_NAME(.fini_array.*))
 *(.fini_array)
                0x0000000020001340                PROVIDE (__fini_array_end = .)
 *(.jcr)
                0x0000000020001340                . = ALIGN (0x4)
                0x0000000020001340                __data_end__ = .
                0x0000000010007330                __etext = LOADADDR (.data)

.tm_clone_table
                0x0000000020001340        0x0 load address 0x00000000100085b0
 .tm_clone_table
                0x0000000020001340        0x0 /usr/lib/gcc/arm-none-eabi/10.3.1/thumb/v6-m/nofp/crtbegin.o
 .tm_clone_table
                0x0000000020001340        0x0 /usr/lib/gcc/arm-none-eabi/10.3.1/thumb/v6-m/nofp/crtend.o

.igot.plt       0x0000000020001340        0x0 load address 0x00000000100085b0
 .igot.plt      0x0000000020001340        0x0 /usr/lib/gcc/arm-none-eabi/10.3.1/thumb/v6-m/nofp/crtbegin.o

.uninitialized_data
                0x0000000020001340        0x0 load address 0x00000000100085b0
                0x0000000020001340                . = ALIGN (0x4)
 *(.uninitialized_data*)

.scratch_x      0x0000000020040000        0x0 load address 0x00000000100085b0
                0x0000000020040000                __scratch_x_start__ = .
 *(.scratch_x.*)
                0x0000000020040000                . = ALIGN (0x4)
                0x0000000020040000                __scratch_x_end__ = .
                0x00000000100085b0                __scratch_x_source__ = LOADADDR (.scratch_x)

.scratch_y      0x0000000020041000        0x0 load address 0x00000000100085b0
                0x0000000020041000                __scratch_y_start__ = .
 *(.scratch_y.*)
                0x0000000020041000                . = ALIGN (0x4)
                0x0000000020041000                __scratch_y_end__ = .
                0x00000000100085b0                __scratch_y_source__ = LOADADDR (.scratch_y)

.bss            0x0000000020001340      0xd94
                0x0000000020001340                . = ALIGN (0x4)
                0x0000000020001340                __bss_start__ = .
 *(SORT_BY_ALIGNMENT(SORT_BY_NAME(.bss*)))
 .bss.default_alarm_pool_entries
                0x0000000020001340      0x100 CMakeFiles/reflex_game.dir/home/toto/pico-sdk/src/common/pico_time/time.c.obj
 .bss.epoch_time_us_since_boot
                0x0000000020001440        0x8 CMakeFiles/reflex_game.dir/home/toto/pico-sdk/src/rp2_common/pico_runtime/runtime.c.obj
 .bss.last_avail_time.1
                0x0000000020001448        0x8 CMakeFiles/reflex_game.dir/home/toto/pico-sdk/src/rp2_common/pico_stdio_usb/stdio_usb.c.obj
 .bss.sd_table  0x0000000020001450      0x100 CMakeFiles/reflex_game.dir/home/toto/pico-sdk/src/rp2_common/pico_double/double_init_rom.c.obj
                0x0000000020001450                sd_table
 .bss.sf_table  0x0000000020001550      0x100 CMakeFiles/reflex_game.dir/home/toto/pico-sdk/src/rp2_common/pico_float/float_init_rom.c.obj
                0x0000000020001550                sf_table
 .bss           0x0000000020001650       0x1c /usr/lib/gcc/arm-none-eabi/10.3.1/thumb/v6-m/nofp/crtbegin.o
 .bss           0x000000002000166c        0x4 /usr/lib/gcc/arm-none-eabi/10.3.1/../../../arm-none-eabi/lib/thumb/v6-m/nofp/libc.a(lib_a-reent.o)
                0x000000002000166c                errno
 .bss._app_driver
                0x0000000020001670        0x4 CMakeFiles/reflex_game.dir/home/toto/pico-sdk/lib/tinyusb/src/device/usbd.c.obj
 .bss._cdcd_itf
                0x0000000020001674      0x2c8 CMakeFiles/reflex_game.dir/home/toto/pico-sdk/lib/tinyusb/src/class/cdc/cdc_device.c.obj
 .bss._ctrl_xfer
                0x000000002000193c       0x14 CMakeFiles/reflex_game.dir/home/toto/pico-sdk/lib/tinyusb/src/device/usbd_control.c.obj
 .bss._ubsd_mutexdef
                0x0000000020001950        0x8 CMakeFiles/reflex_game.dir/home/toto/pico-sdk/lib/tinyusb/src/device/usbd.c.obj
 .bss._usbd_ctrl_buf
                0x0000000020001958       0x40 CMakeFiles/reflex_game.dir/home/toto/pico-sdk/lib/tinyusb/src/device/usbd_control.c.obj
 .bss._usbd_dev
                0x0000000020001998       0x53 CMakeFiles/reflex_game.dir/home/toto/pico-sdk/lib/tinyusb/src/device/usbd.c.obj
 *fill*         0x00000000200019eb        0x1 
 .bss._usbd_mutex
                0x00000000200019ec        0x4 CMakeFiles/reflex_game.dir/home/toto/pico-sdk/lib/tinyusb/src/device/usbd.c.obj
 .bss._usbd_q   0x00000000200019f0        0x4 CMakeFiles/reflex_game.dir/home/toto/pico-sdk/lib/tinyusb/src/device/usbd.c.obj
 .bss._usbd_qdef_buf
                0x00000000200019f4       0xc0 CMakeFiles/reflex_game.dir/home/toto/pico-sdk/lib/tinyusb/src/device/usbd.c.obj
                0x00000000200019f4                _usbd_qdef_buf
 .bss.alarm_callbacks
                0x0000000020001ab4       0x10 CMakeFiles/reflex_game.dir/home/toto/pico-sdk/src/rp2_common/hardware_timer/timer.c.obj
 .bss.boot2_copyout
                0x0000000020001ac4      0x100 CMakeFiles/reflex_game.dir/home/toto/pico-sdk/src/rp2_common/hardware_flash/flash.c.obj
 .bss.chars_available_callback
                0x0000000020001bc4        0x4 CMakeFiles/reflex_game.dir/home/toto/pico-sdk/src/rp2_common/pico_stdio_usb/stdio_usb.c.obj
 .bss.chars_available_param
                0x0000000020001bc8        0x4 CMakeFiles/reflex_game.dir/home/toto/pico-sdk/src/rp2_common/pico_stdio_usb/stdio_usb.c.obj
 .bss.claimed   0x0000000020001bcc        0x4 CMakeFiles/reflex_game.dir/home/toto/pico-sdk/src/rp2_common/hardware_sync/sync.c.obj
 .bss.configured_freq
                0x0000000020001bd0       0x28 CMakeFiles/reflex_game.dir/home/toto/pico-sdk/src/rp2_common/hardware_clocks/clocks.c.obj
 .bss.default_alarm_pool_entry_ids_high
                0x0000000020001bf8       0x10 CMakeFiles/reflex_game.dir/home/toto/pico-sdk/src/common/pico_time/time.c.obj
 .bss.default_alarm_pool_heap_nodes
                0x0000000020001c08       0x30 CMakeFiles/reflex_game.dir/home/toto/pico-sdk/src/common/pico_time/time.c.obj
 .bss.desc_str.0
                0x0000000020001c38       0x28 CMakeFiles/reflex_game.dir/home/toto/pico-sdk/src/rp2_common/pico_stdio_usb/stdio_usb_descriptors.c.obj
 .bss.drivers   0x0000000020001c60        0x4 CMakeFiles/reflex_game.dir/home/toto/pico-sdk/src/rp2_common/pico_stdio/stdio.c.obj
 .bss.e15_last_sof
                0x0000000020001c64        0x4 CMakeFiles/reflex_game.dir/home/toto/pico-sdk/lib/tinyusb/src/portable/raspberrypi/rp2040/rp2040_usb.c.obj
                0x0000000020001c64                e15_last_sof
 .bss.filter    0x0000000020001c68        0x4 CMakeFiles/reflex_game.dir/home/toto/pico-sdk/src/rp2_common/pico_stdio/stdio.c.obj
 .bss.hw_endpoints
                0x0000000020001c6c      0x400 CMakeFiles/reflex_game.dir/home/toto/pico-sdk/lib/tinyusb/src/portable/raspberrypi/rp2040/dcd_rp2040.c.obj
 .bss.lazy_vsnprintf
                0x000000002000206c        0x4 CMakeFiles/reflex_game.dir/home/toto/pico-sdk/src/rp2_common/pico_printf/printf.c.obj
 .bss.load_value
                0x0000000020002070        0x4 CMakeFiles/reflex_game.dir/home/toto/pico-sdk/src/rp2_common/hardware_watchdog/watchdog.c.obj
 .bss.next_buffer_ptr
                0x0000000020002074        0x4 CMakeFiles/reflex_game.dir/home/toto/pico-sdk/lib/tinyusb/src/portable/raspberrypi/rp2040/dcd_rp2040.c.obj
 .bss.one_shot_timer_crit_sec
                0x0000000020002078        0x8 CMakeFiles/reflex_game.dir/home/toto/pico-sdk/src/rp2_common/pico_stdio_usb/stdio_usb.c.obj
 .bss.pools     0x0000000020002080       0x10 CMakeFiles/reflex_game.dir/home/toto/pico-sdk/src/common/pico_time/time.c.obj
 .bss.retrieved_id
                0x0000000020002090        0x8 CMakeFiles/reflex_game.dir/home/toto/pico-sdk/src/rp2_common/pico_unique_id/unique_id.c.obj
 .bss.sf_clz_func
                0x0000000020002098        0x4 CMakeFiles/reflex_game.dir/home/toto/pico-sdk/src/rp2_common/pico_double/double_init_rom.c.obj
                0x0000000020002098                sf_clz_func
 .bss.sleep_notifier
                0x000000002000209c        0x4 CMakeFiles/reflex_game.dir/home/toto/pico-sdk/src/common/pico_time/time.c.obj
 .bss.stdio_usb_mutex
                0x00000000200020a0        0x8 CMakeFiles/reflex_game.dir/home/toto/pico-sdk/src/rp2_common/pico_stdio_usb/stdio_usb.c.obj
 .bss.target_hi
                0x00000000200020a8       0x10 CMakeFiles/reflex_game.dir/home/toto/pico-sdk/src/rp2_common/hardware_timer/timer.c.obj
 .bss.usbd_serial_str
                0x00000000200020b8       0x11 CMakeFiles/reflex_game.dir/home/toto/pico-sdk/src/rp2_common/pico_stdio_usb/stdio_usb_descriptors.c.obj
 .bss._app_driver_count
                0x00000000200020c9        0x1 CMakeFiles/reflex_game.dir/home/toto/pico-sdk/lib/tinyusb/src/device/usbd.c.obj
 .bss._sof_enable
                0x00000000200020ca        0x1 CMakeFiles/reflex_game.dir/home/toto/pico-sdk/lib/tinyusb/src/portable/raspberrypi/rp2040/dcd_rp2040.c.obj
 .bss.boot2_copyout_valid
                0x00000000200020cb        0x1 CMakeFiles/reflex_game.dir/home/toto/pico-sdk/src/rp2_common/hardware_flash/flash.c.obj
 .bss.claimed   0x00000000200020cc        0x1 CMakeFiles/reflex_game.dir/home/toto/pico-sdk/src/rp2_common/hardware_timer/timer.c.obj
 .bss.irq_hander_chain_free_slot_head
                0x00000000200020cd        0x1 CMakeFiles/reflex_game.dir/home/toto/pico-sdk/src/rp2_common/hardware_irq/irq.c.obj
 .bss.itf_num   0x00000000200020ce        0x1 CMakeFiles/reflex_game.dir/home/toto/pico-sdk/src/rp2_common/pico_stdio_usb/reset_interface.c.obj
 .bss.low_priority_irq_num
                0x00000000200020cf        0x1 CMakeFiles/reflex_game.dir/home/toto/pico-sdk/src/rp2_common/pico_stdio_usb/stdio_usb.c.obj
 .bss.one_shot_timer_pending
                0x00000000200020d0        0x1 CMakeFiles/reflex_game.dir/home/toto/pico-sdk/src/rp2_common/pico_stdio_usb/stdio_usb.c.obj
 .bss.timer_callbacks_pending
                0x00000000200020d1        0x1 CMakeFiles/reflex_game.dir/home/toto/pico-sdk/src/rp2_common/hardware_timer/timer.c.obj
 .bss.timer_fired
                0x00000000200020d2        0x1 CMakeFiles/reflex_game.dir/reflex_game.c.obj
                0x00000000200020d2                timer_fired
 .bss.user_irq_claimed
                0x00000000200020d3        0x1 CMakeFiles/reflex_game.dir/home/toto/pico-sdk/src/rp2_common/hardware_irq/irq.c.obj
 *(COMMON)
                0x00000000200020d4                . = ALIGN (0x4)
                0x00000000200020d4                __bss_end__ = .

.heap           0x00000000200020d4      0x800
                0x00000000200020d4                __end__ = .
                0x00000000200020d4                end = __end__
 *(.heap*)
 .heap          0x00000000200020d4      0x800 CMakeFiles/reflex_game.dir/home/toto/pico-sdk/src/rp2_common/pico_standard_link/crt0.S.obj
                0x00000000200028d4                __HeapLimit = .

.stack1_dummy   0x0000000020040000        0x0
 *(.stack1*)

.stack_dummy    0x0000000020041000      0x800
 *(.stack*)
 .stack         0x0000000020041000      0x800 CMakeFiles/reflex_game.dir/home/toto/pico-sdk/src/rp2_common/pico_standard_link/crt0.S.obj

.flash_end      0x00000000100085b0        0x0
                0x00000000100085b0                PROVIDE (__flash_binary_end = .)
                0x0000000020040000                __StackLimit = (ORIGIN (RAM) + LENGTH (RAM))
                0x0000000020041000                __StackOneTop = (ORIGIN (SCRATCH_X) + LENGTH (SCRATCH_X))
                0x0000000020042000                __StackTop = (ORIGIN (SCRATCH_Y) + LENGTH (SCRATCH_Y))
                0x0000000020041000                __StackOneBottom = (__StackOneTop - SIZEOF (.stack1_dummy))
                0x0000000020041800                __StackBottom = (__StackTop - SIZEOF (.stack_dummy))
                0x0000000020042000                PROVIDE (__stack = __StackTop)
                0x0000000000000001                ASSERT ((__StackLimit >= __HeapLimit), region RAM overflowed)
                0x0000000000000001                ASSERT (((__binary_info_header_end - __logical_binary_start) <= 0x100), Binary info must be in first 256 bytes of the binary)
LOAD CMakeFiles/reflex_game.dir/reflex_game.c.obj
LOAD CMakeFiles/reflex_game.dir/home/toto/pico-sdk/src/rp2_common/pico_stdlib/stdlib.c.obj
LOAD CMakeFiles/reflex_game.dir/home/toto/pico-sdk/src/rp2_common/hardware_gpio/gpio.c.obj
LOAD CMakeFiles/reflex_game.dir/home/toto/pico-sdk/src/rp2_common/pico_platform/platform.c.obj
LOAD CMakeFiles/reflex_game.dir/home/toto/pico-sdk/src/rp2_common/hardware_claim/claim.c.obj
LOAD CMakeFiles/reflex_game.dir/home/toto/pico-sdk/src/rp2_common/hardware_sync/sync.c.obj
LOAD CMakeFiles/reflex_game.dir/home/toto/pico-sdk/src/rp2_common/hardware_irq/irq.c.obj
LOAD CMakeFiles/reflex_game.dir/home/toto/pico-sdk/src/rp2_common/hardware_irq/irq_handler_chain.S.obj
LOAD CMakeFiles/reflex_game.dir/home/toto/pico-sdk/src/common/pico_sync/sem.c.obj
LOAD CMakeFiles/reflex_game.dir/home/toto/pico-sdk/src/common/pico_sync/lock_core.c.obj
LOAD CMakeFiles/reflex_game.dir/home/toto/pico-sdk/src/common/pico_sync/mutex.c.obj
LOAD CMakeFiles/reflex_game.dir/home/toto/pico-sdk/src/common/pico_sync/critical_section.c.obj
LOAD CMakeFiles/reflex_game.dir/home/toto/pico-sdk/src/common/pico_time/time.c.obj
LOAD CMakeFiles/reflex_game.dir/home/toto/pico-sdk/src/common/pico_time/timeout_helper.c.obj
LOAD CMakeFiles/reflex_game.dir/home/toto/pico-sdk/src/rp2_common/hardware_timer/timer.c.obj
LOAD CMakeFiles/reflex_game.dir/home/toto/pico-sdk/src/common/pico_util/datetime.c.obj
LOAD CMakeFiles/reflex_game.dir/home/toto/pico-sdk/src/common/pico_util/pheap.c.obj
LOAD CMakeFiles/reflex_game.dir/home/toto/pico-sdk/src/common/pico_util/queue.c.obj
LOAD CMakeFiles/reflex_game.dir/home/toto/pico-sdk/src/rp2_common/hardware_uart/uart.c.obj
LOAD CMakeFiles/reflex_game.dir/home/toto/pico-sdk/src/rp2_common/hardware_clocks/clocks.c.obj
LOAD CMakeFiles/reflex_game.dir/home/toto/pico-sdk/src/rp2_common/hardware_pll/pll.c.obj
LOAD CMakeFiles/reflex_game.dir/home/toto/pico-sdk/src/rp2_common/hardware_vreg/vreg.c.obj
LOAD CMakeFiles/reflex_game.dir/home/toto/pico-sdk/src/rp2_common/hardware_watchdog/watchdog.c.obj
LOAD CMakeFiles/reflex_game.dir/home/toto/pico-sdk/src/rp2_common/hardware_xosc/xosc.c.obj
LOAD CMakeFiles/reflex_game.dir/home/toto/pico-sdk/src/rp2_common/hardware_divider/divider.S.obj
LOAD CMakeFiles/reflex_game.dir/home/toto/pico-sdk/src/rp2_common/pico_runtime/runtime.c.obj
LOAD CMakeFiles/reflex_game.dir/home/toto/pico-sdk/src/rp2_common/pico_printf/printf.c.obj
LOAD CMakeFiles/reflex_game.dir/home/toto/pico-sdk/src/rp2_common/pico_bit_ops/bit_ops_aeabi.S.obj
LOAD CMakeFiles/reflex_game.dir/home/toto/pico-sdk/src/rp2_common/pico_bootrom/bootrom.c.obj
LOAD CMakeFiles/reflex_game.dir/home/toto/pico-sdk/src/rp2_common/pico_divider/divider.S.obj
LOAD CMakeFiles/reflex_game.dir/home/toto/pico-sdk/src/rp2_common/pico_double/double_aeabi.S.obj
LOAD CMakeFiles/reflex_game.dir/home/toto/pico-sdk/src/rp2_common/pico_double/double_init_rom.c.obj
LOAD CMakeFiles/reflex_game.dir/home/toto/pico-sdk/src/rp2_common/pico_double/double_math.c.obj
LOAD CMakeFiles/reflex_game.dir/home/toto/pico-sdk/src/rp2_common/pico_double/double_v1_rom_shim.S.obj
LOAD CMakeFiles/reflex_game.dir/home/toto/pico-sdk/src/rp2_common/pico_int64_ops/pico_int64_ops_aeabi.S.obj
LOAD CMakeFiles/reflex_game.dir/home/toto/pico-sdk/src/rp2_common/pico_float/float_aeabi.S.obj
LOAD CMakeFiles/reflex_game.dir/home/toto/pico-sdk/src/rp2_common/pico_float/float_init_rom.c.obj
LOAD CMakeFiles/reflex_game.dir/home/toto/pico-sdk/src/rp2_common/pico_float/float_math.c.obj
LOAD CMakeFiles/reflex_game.dir/home/toto/pico-sdk/src/rp2_common/pico_float/float_v1_rom_shim.S.obj
LOAD CMakeFiles/reflex_game.dir/home/toto/pico-sdk/src/rp2_common/pico_malloc/pico_malloc.c.obj
LOAD CMakeFiles/reflex_game.dir/home/toto/pico-sdk/src/rp2_common/pico_mem_ops/mem_ops_aeabi.S.obj
LOAD CMakeFiles/reflex_game.dir/home/toto/pico-sdk/src/rp2_common/pico_standard_link/crt0.S.obj
LOAD CMakeFiles/reflex_game.dir/home/toto/pico-sdk/src/rp2_common/pico_standard_link/new_delete.cpp.obj
LOAD CMakeFiles/reflex_game.dir/home/toto/pico-sdk/src/rp2_common/pico_standard_link/binary_info.c.obj
LOAD CMakeFiles/reflex_game.dir/home/toto/pico-sdk/src/rp2_common/pico_stdio/stdio.c.obj
LOAD CMakeFiles/reflex_game.dir/home/toto/pico-sdk/src/rp2_common/pico_stdio_usb/reset_interface.c.obj
LOAD CMakeFiles/reflex_game.dir/home/toto/pico-sdk/src/rp2_common/pico_stdio_usb/stdio_usb.c.obj
LOAD CMakeFiles/reflex_game.dir/home/toto/pico-sdk/src/rp2_common/pico_stdio_usb/stdio_usb_descriptors.c.obj
LOAD CMakeFiles/reflex_game.dir/home/toto/pico-sdk/src/rp2_common/pico_unique_id/unique_id.c.obj
LOAD CMakeFiles/reflex_game.dir/home/toto/pico-sdk/src/rp2_common/hardware_flash/flash.c.obj
LOAD CMakeFiles/reflex_game.dir/home/toto/pico-sdk/lib/tinyusb/src/portable/raspberrypi/rp2040/dcd_rp2040.c.obj
LOAD CMakeFiles/reflex_game.dir/home/toto/pico-sdk/lib/tinyusb/src/portable/raspberrypi/rp2040/rp2040_usb.c.obj
LOAD CMakeFiles/reflex_game.dir/home/toto/pico-sdk/lib/tinyusb/src/device/usbd.c.obj
LOAD CMakeFiles/reflex_game.dir/home/toto/pico-sdk/lib/tinyusb/src/device/usbd_control.c.obj
LOAD CMakeFiles/reflex_game.dir/home/toto/pico-sdk/lib/tinyusb/src/class/audio/audio_device.c.obj
LOAD CMakeFiles/reflex_game.dir/home/toto/pico-sdk/lib/tinyusb/src/class/cdc/cdc_device.c.obj
LOAD CMakeFiles/reflex_game.dir/home/toto/pico-sdk/lib/tinyusb/src/class/dfu/dfu_device.c.obj
LOAD CMakeFiles/reflex_game.dir/home/toto/pico-sdk/lib/tinyusb/src/class/dfu/dfu_rt_device.c.obj
LOAD CMakeFiles/reflex_game.dir/home/toto/pico-sdk/lib/tinyusb/src/class/hid/hid_device.c.obj
LOAD CMakeFiles/reflex_game.dir/home/toto/pico-sdk/lib/tinyusb/src/class/midi/midi_device.c.obj
LOAD CMakeFiles/reflex_game.dir/home/toto/pico-sdk/lib/tinyusb/src/class/msc/msc_device.c.obj
LOAD CMakeFiles/reflex_game.dir/home/toto/pico-sdk/lib/tinyusb/src/class/net/ecm_rndis_device.c.obj
LOAD CMakeFiles/reflex_game.dir/home/toto/pico-sdk/lib/tinyusb/src/class/net/ncm_device.c.obj
LOAD CMakeFiles/reflex_game.dir/home/toto/pico-sdk/lib/tinyusb/src/class/usbtmc/usbtmc_device.c.obj
LOAD CMakeFiles/reflex_game.dir/home/toto/pico-sdk/lib/tinyusb/src/class/vendor/vendor_device.c.obj
LOAD CMakeFiles/reflex_game.dir/home/toto/pico-sdk/lib/tinyusb/src/class/video/video_device.c.obj
LOAD CMakeFiles/reflex_game.dir/home/toto/pico-sdk/lib/tinyusb/src/portable/raspberrypi/pio_usb/dcd_pio_usb.c.obj
LOAD CMakeFiles/reflex_game.dir/home/toto/pico-sdk/lib/tinyusb/src/tusb.c.obj
LOAD CMakeFiles/reflex_game.dir/home/toto/pico-sdk/lib/tinyusb/src/common/tusb_fifo.c.obj
LOAD CMakeFiles/reflex_game.dir/home/toto/pico-sdk/src/rp2_common/pico_fix/rp2040_usb_device_enumeration/rp2040_usb_device_enumeration.c.obj
LOAD /tmp/ccKzPJiO.o
LOAD /usr/lib/gcc/arm-none-eabi/10.3.1/../../../arm-none-eabi/lib/thumb/v6-m/nofp/libstdc++.a
LOAD /usr/lib/gcc/arm-none-eabi/10.3.1/../../../arm-none-eabi/lib/thumb/v6-m/nofp/libm.a
START GROUP
LOAD /usr/lib/gcc/arm-none-eabi/10.3.1/thumb/v6-m/nofp/libgcc.a
LOAD /usr/lib/gcc/arm-none-eabi/10.3.1/../../../arm-none-eabi/lib/thumb/v6-m/nofp/libc.a
END GROUP
START GROUP
LOAD /usr/lib/gcc/arm-none-eabi/10.3.1/thumb/v6-m/nofp/libgcc.a
LOAD /usr/lib/gcc/arm-none-eabi/10.3.1/../../../arm-none-eabi/lib/thumb/v6-m/nofp/libc.a
LOAD /usr/lib/gcc/arm-none-eabi/10.3.1/../../../arm-none-eabi/lib/thumb/v6-m/nofp/libnosys.a
END GROUP
LOAD /usr/lib/gcc/arm-none-eabi/10.3.1/thumb/v6-m/nofp/crtend.o
LOAD /usr/lib/gcc/arm-none-eabi/10.3.1/thumb/v6-m/nofp/crtn.o
OUTPUT(reflex_game.elf elf32-littlearm)
LOAD linker stubs

.ARM.attributes
                0x0000000000000000       0x28
 .ARM.attributes
                0x0000000000000000       0x1e /usr/lib/gcc/arm-none-eabi/10.3.1/thumb/v6-m/nofp/crti.o
 .ARM.attributes
                0x000000000000001e       0x2c /usr/lib/gcc/arm-none-eabi/10.3.1/thumb/v6-m/nofp/crtbegin.o
 .ARM.attributes
                0x000000000000004a       0x2c CMakeFiles/reflex_game.dir/reflex_game.c.obj
 .ARM.attributes
                0x0000000000000076       0x2c CMakeFiles/reflex_game.dir/home/toto/pico-sdk/src/rp2_common/hardware_gpio/gpio.c.obj
 .ARM.attributes
                0x00000000000000a2       0x2c CMakeFiles/reflex_game.dir/home/toto/pico-sdk/src/rp2_common/pico_platform/platform.c.obj
 .ARM.attributes
                0x00000000000000ce       0x2c CMakeFiles/reflex_game.dir/home/toto/pico-sdk/src/rp2_common/hardware_claim/claim.c.obj
 .ARM.attributes
                0x00000000000000fa       0x2c CMakeFiles/reflex_game.dir/home/toto/pico-sdk/src/rp2_common/hardware_sync/sync.c.obj
 .ARM.attributes
                0x0000000000000126       0x2c CMakeFiles/reflex_game.dir/home/toto/pico-sdk/src/rp2_common/hardware_irq/irq.c.obj
 .ARM.attributes
                0x0000000000000152       0x22 CMakeFiles/reflex_game.dir/home/toto/pico-sdk/src/rp2_common/hardware_irq/irq_handler_chain.S.obj
 .ARM.attributes
                0x0000000000000174       0x2c CMakeFiles/reflex_game.dir/home/toto/pico-sdk/src/common/pico_sync/lock_core.c.obj
 .ARM.attributes
                0x00000000000001a0       0x2c CMakeFiles/reflex_game.dir/home/toto/pico-sdk/src/common/pico_sync/mutex.c.obj
 .ARM.attributes
                0x00000000000001cc       0x2c CMakeFiles/reflex_game.dir/home/toto/pico-sdk/src/common/pico_sync/critical_section.c.obj
 .ARM.attributes
                0x00000000000001f8       0x2c CMakeFiles/reflex_game.dir/home/toto/pico-sdk/src/common/pico_time/time.c.obj
 .ARM.attributes
                0x0000000000000224       0x2c CMakeFiles/reflex_game.dir/home/toto/pico-sdk/src/rp2_common/hardware_timer/timer.c.obj
 .ARM.attributes
                0x0000000000000250       0x2c CMakeFiles/reflex_game.dir/home/toto/pico-sdk/src/common/pico_util/pheap.c.obj
 .ARM.attributes
                0x000000000000027c       0x2c CMakeFiles/reflex_game.dir/home/toto/pico-sdk/src/rp2_common/hardware_clocks/clocks.c.obj
 .ARM.attributes
                0x00000000000002a8       0x2c CMakeFiles/reflex_game.dir/home/toto/pico-sdk/src/rp2_common/hardware_pll/pll.c.obj
 .ARM.attributes
                0x00000000000002d4       0x2c CMakeFiles/reflex_game.dir/home/toto/pico-sdk/src/rp2_common/hardware_watchdog/watchdog.c.obj
 .ARM.attributes
                0x0000000000000300       0x2c CMakeFiles/reflex_game.dir/home/toto/pico-sdk/src/rp2_common/hardware_xosc/xosc.c.obj
 .ARM.attributes
                0x000000000000032c       0x2c CMakeFiles/reflex_game.dir/home/toto/pico-sdk/src/rp2_common/pico_runtime/runtime.c.obj
 .ARM.attributes
                0x0000000000000358       0x2c CMakeFiles/reflex_game.dir/home/toto/pico-sdk/src/rp2_common/pico_printf/printf.c.obj
 .ARM.attributes
                0x0000000000000384       0x22 CMakeFiles/reflex_game.dir/home/toto/pico-sdk/src/rp2_common/pico_bit_ops/bit_ops_aeabi.S.obj
 .ARM.attributes
                0x00000000000003a6       0x2c CMakeFiles/reflex_game.dir/home/toto/pico-sdk/src/rp2_common/pico_bootrom/bootrom.c.obj
 .ARM.attributes
                0x00000000000003d2       0x22 CMakeFiles/reflex_game.dir/home/toto/pico-sdk/src/rp2_common/pico_divider/divider.S.obj
 .ARM.attributes
                0x00000000000003f4       0x22 CMakeFiles/reflex_game.dir/home/toto/pico-sdk/src/rp2_common/pico_double/double_aeabi.S.obj
 .ARM.attributes
                0x0000000000000416       0x2c CMakeFiles/reflex_game.dir/home/toto/pico-sdk/src/rp2_common/pico_double/double_init_rom.c.obj
 .ARM.attributes
                0x0000000000000442       0x22 CMakeFiles/reflex_game.dir/home/toto/pico-sdk/src/rp2_common/pico_double/double_v1_rom_shim.S.obj
 .ARM.attributes
                0x0000000000000464       0x22 CMakeFiles/reflex_game.dir/home/toto/pico-sdk/src/rp2_common/pico_int64_ops/pico_int64_ops_aeabi.S.obj
 .ARM.attributes
                0x0000000000000486       0x22 CMakeFiles/reflex_game.dir/home/toto/pico-sdk/src/rp2_common/pico_float/float_aeabi.S.obj
 .ARM.attributes
                0x00000000000004a8       0x2c CMakeFiles/reflex_game.dir/home/toto/pico-sdk/src/rp2_common/pico_float/float_init_rom.c.obj
 .ARM.attributes
                0x00000000000004d4       0x22 CMakeFiles/reflex_game.dir/home/toto/pico-sdk/src/rp2_common/pico_float/float_v1_rom_shim.S.obj
 .ARM.attributes
                0x00000000000004f6       0x22 CMakeFiles/reflex_game.dir/home/toto/pico-sdk/src/rp2_common/pico_mem_ops/mem_ops_aeabi.S.obj
 .ARM.attributes
                0x0000000000000518       0x22 CMakeFiles/reflex_game.dir/home/toto/pico-sdk/src/rp2_common/pico_standard_link/crt0.S.obj
 .ARM.attributes
                0x000000000000053a       0x32 CMakeFiles/reflex_game.dir/home/toto/pico-sdk/src/rp2_common/pico_standard_link/binary_info.c.obj
 .ARM.attributes
                0x000000000000056c       0x2c CMakeFiles/reflex_game.dir/home/toto/pico-sdk/src/rp2_common/pico_stdio/stdio.c.obj
 .ARM.attributes
                0x0000000000000598       0x2c CMakeFiles/reflex_game.dir/home/toto/pico-sdk/src/rp2_common/pico_stdio_usb/reset_interface.c.obj
 .ARM.attributes
                0x00000000000005c4       0x2c CMakeFiles/reflex_game.dir/home/toto/pico-sdk/src/rp2_common/pico_stdio_usb/stdio_usb.c.obj
 .ARM.attributes
                0x00000000000005f0       0x2c CMakeFiles/reflex_game.dir/home/toto/pico-sdk/src/rp2_common/pico_stdio_usb/stdio_usb_descriptors.c.obj
 .ARM.attributes
                0x000000000000061c       0x2c CMakeFiles/reflex_game.dir/home/toto/pico-sdk/src/rp2_common/pico_unique_id/unique_id.c.obj
 .ARM.attributes
                0x0000000000000648       0x2c CMakeFiles/reflex_game.dir/home/toto/pico-sdk/src/rp2_common/hardware_flash/flash.c.obj
 .ARM.attributes
                0x0000000000000674       0x2c CMakeFiles/reflex_game.dir/home/toto/pico-sdk/lib/tinyusb/src/portable/raspberrypi/rp2040/dcd_rp2040.c.obj
 .ARM.attributes
                0x00000000000006a0       0x2c CMakeFiles/reflex_game.dir/home/toto/pico-sdk/lib/tinyusb/src/portable/raspberrypi/rp2040/rp2040_usb.c.obj
 .ARM.attributes
                0x00000000000006cc       0x2c CMakeFiles/reflex_game.dir/home/toto/pico-sdk/lib/tinyusb/src/device/usbd.c.obj
 .ARM.attributes
                0x00000000000006f8       0x2c CMakeFiles/reflex_game.dir/home/toto/pico-sdk/lib/tinyusb/src/device/usbd_control.c.obj
 .ARM.attributes
                0x0000000000000724       0x2c CMakeFiles/reflex_game.dir/home/toto/pico-sdk/lib/tinyusb/src/class/cdc/cdc_device.c.obj
 .ARM.attributes
                0x0000000000000750       0x2c CMakeFiles/reflex_game.dir/home/toto/pico-sdk/lib/tinyusb/src/tusb.c.obj
 .ARM.attributes